Archive member included to satisfy reference by file (symbol)

/opt/stm32cubeide/plugins/com.st.stm32cube.ide.mcu.externaltools.gnu-tools-for-stm32.14.3.rel1.linux64_1.0.100.202602081740/tools/bin/../lib/gcc/arm-none-eabi/14.3.1/../../../../arm-none-eabi/lib/thumb/v8-m.main+fp/hard/libc_nano.a(libc_a-exit.o)
                              /opt/stm32cubeide/plugins/com.st.stm32cube.ide.mcu.externaltools.gnu-tools-for-stm32.14.3.rel1.linux64_1.0.100.202602081740/tools/bin/../lib/gcc/arm-none-eabi/14.3.1/../../../../arm-none-eabi/lib/thumb/v8-m.main+fp/hard/crt0.o (exit)
/opt/stm32cubeide/plugins/com.st.stm32cube.ide.mcu.externaltools.gnu-tools-for-stm32.14.3.rel1.linux64_1.0.100.202602081740/tools/bin/../lib/gcc/arm-none-eabi/14.3.1/../../../../arm-none-eabi/lib/thumb/v8-m.main+fp/hard/libc_nano.a(libc_a-malloc.o)
                              ./software/src/keys.o (malloc)
/opt/stm32cubeide/plugins/com.st.stm32cube.ide.mcu.externaltools.gnu-tools-for-stm32.14.3.rel1.linux64_1.0.100.202602081740/tools/bin/../lib/gcc/arm-none-eabi/14.3.1/../../../../arm-none-eabi/lib/thumb/v8-m.main+fp/hard/libc_nano.a(libc_a-mallocr.o)
                              /opt/stm32cubeide/plugins/com.st.stm32cube.ide.mcu.externaltools.gnu-tools-for-stm32.14.3.rel1.linux64_1.0.100.202602081740/tools/bin/../lib/gcc/arm-none-eabi/14.3.1/../../../../arm-none-eabi/lib/thumb/v8-m.main+fp/hard/libc_nano.a(libc_a-malloc.o) (_malloc_r)
/opt/stm32cubeide/plugins/com.st.stm32cube.ide.mcu.externaltools.gnu-tools-for-stm32.14.3.rel1.linux64_1.0.100.202602081740/tools/bin/../lib/gcc/arm-none-eabi/14.3.1/../../../../arm-none-eabi/lib/thumb/v8-m.main+fp/hard/libc_nano.a(libc_a-mlock.o)
                              /opt/stm32cubeide/plugins/com.st.stm32cube.ide.mcu.externaltools.gnu-tools-for-stm32.14.3.rel1.linux64_1.0.100.202602081740/tools/bin/../lib/gcc/arm-none-eabi/14.3.1/../../../../arm-none-eabi/lib/thumb/v8-m.main+fp/hard/libc_nano.a(libc_a-mallocr.o) (__malloc_lock)
/opt/stm32cubeide/plugins/com.st.stm32cube.ide.mcu.externaltools.gnu-tools-for-stm32.14.3.rel1.linux64_1.0.100.202602081740/tools/bin/../lib/gcc/arm-none-eabi/14.3.1/../../../../arm-none-eabi/lib/thumb/v8-m.main+fp/hard/libc_nano.a(libc_a-findfp.o)
                              /opt/stm32cubeide/plugins/com.st.stm32cube.ide.mcu.externaltools.gnu-tools-for-stm32.14.3.rel1.linux64_1.0.100.202602081740/tools/bin/../lib/gcc/arm-none-eabi/14.3.1/../../../../arm-none-eabi/lib/thumb/v8-m.main+fp/hard/libc_nano.a(libc_a-exit.o) (__stdio_exit_handler)
/opt/stm32cubeide/plugins/com.st.stm32cube.ide.mcu.externaltools.gnu-tools-for-stm32.14.3.rel1.linux64_1.0.100.202602081740/tools/bin/../lib/gcc/arm-none-eabi/14.3.1/../../../../arm-none-eabi/lib/thumb/v8-m.main+fp/hard/libc_nano.a(libc_a-fwalk.o)
                              /opt/stm32cubeide/plugins/com.st.stm32cube.ide.mcu.externaltools.gnu-tools-for-stm32.14.3.rel1.linux64_1.0.100.202602081740/tools/bin/../lib/gcc/arm-none-eabi/14.3.1/../../../../arm-none-eabi/lib/thumb/v8-m.main+fp/hard/libc_nano.a(libc_a-findfp.o) (_fwalk_sglue)
/opt/stm32cubeide/plugins/com.st.stm32cube.ide.mcu.externaltools.gnu-tools-for-stm32.14.3.rel1.linux64_1.0.100.202602081740/tools/bin/../lib/gcc/arm-none-eabi/14.3.1/../../../../arm-none-eabi/lib/thumb/v8-m.main+fp/hard/libc_nano.a(libc_a-stdio.o)
                              /opt/stm32cubeide/plugins/com.st.stm32cube.ide.mcu.externaltools.gnu-tools-for-stm32.14.3.rel1.linux64_1.0.100.202602081740/tools/bin/../lib/gcc/arm-none-eabi/14.3.1/../../../../arm-none-eabi/lib/thumb/v8-m.main+fp/hard/libc_nano.a(libc_a-findfp.o) (__sread)
/opt/stm32cubeide/plugins/com.st.stm32cube.ide.mcu.externaltools.gnu-tools-for-stm32.14.3.rel1.linux64_1.0.100.202602081740/tools/bin/../lib/gcc/arm-none-eabi/14.3.1/../../../../arm-none-eabi/lib/thumb/v8-m.main+fp/hard/libc_nano.a(libc_a-memset.o)
                              /opt/stm32cubeide/plugins/com.st.stm32cube.ide.mcu.externaltools.gnu-tools-for-stm32.14.3.rel1.linux64_1.0.100.202602081740/tools/bin/../lib/gcc/arm-none-eabi/14.3.1/../../../../arm-none-eabi/lib/thumb/v8-m.main+fp/hard/crt0.o (memset)
/opt/stm32cubeide/plugins/com.st.stm32cube.ide.mcu.externaltools.gnu-tools-for-stm32.14.3.rel1.linux64_1.0.100.202602081740/tools/bin/../lib/gcc/arm-none-eabi/14.3.1/../../../../arm-none-eabi/lib/thumb/v8-m.main+fp/hard/libc_nano.a(libc_a-closer.o)
                              /opt/stm32cubeide/plugins/com.st.stm32cube.ide.mcu.externaltools.gnu-tools-for-stm32.14.3.rel1.linux64_1.0.100.202602081740/tools/bin/../lib/gcc/arm-none-eabi/14.3.1/../../../../arm-none-eabi/lib/thumb/v8-m.main+fp/hard/libc_nano.a(libc_a-stdio.o) (_close_r)
/opt/stm32cubeide/plugins/com.st.stm32cube.ide.mcu.externaltools.gnu-tools-for-stm32.14.3.rel1.linux64_1.0.100.202602081740/tools/bin/../lib/gcc/arm-none-eabi/14.3.1/../../../../arm-none-eabi/lib/thumb/v8-m.main+fp/hard/libc_nano.a(libc_a-reent.o)
[...]
Memory Configuration

Name             Origin             Length             Attributes
RAM              0x20000000         0x00030000         xrw
RAM2             0x20030000         0x00010000         xrw
FLASH            0x08000000         0x00100000         xr
*default*        0x00000000         0xffffffff

Linker script and memory map

LOAD /opt/stm32cubeide/plugins/com.st.stm32cube.ide.mcu.externaltools.gnu-tools-for-stm32.14.3.rel1.linux64_1.0.100.202602081740/tools/bin/../lib/gcc/arm-none-eabi/14.3.1/thumb/v8-m.main+fp/hard/crti.o
LOAD /opt/stm32cubeide/plugins/com.st.stm32cube.ide.mcu.externaltools.gnu-tools-for-stm32.14.3.rel1.linux64_1.0.100.202602081740/tools/bin/../lib/gcc/arm-none-eabi/14.3.1/thumb/v8-m.main+fp/hard/crtbegin.o
LOAD /opt/stm32cubeide/plugins/com.st.stm32cube.ide.mcu.externaltools.gnu-tools-for-stm32.14.3.rel1.linux64_1.0.100.202602081740/tools/bin/../lib/gcc/arm-none-eabi/14.3.1/../../../../arm-none-eabi/lib/thumb/v8-m.main+fp/hard/crt0.o
LOAD ./Core/Src/main.o
LOAD ./Core/Src/stm32u3xx_hal_msp.o
LOAD ./Core/Src/stm32u3xx_it.o
LOAD ./Core/Src/syscalls.o
LOAD ./Core/Src/sysmem.o
LOAD ./Core/Src/system_stm32u3xx.o
LOAD ./Core/Startup/startup_stm32u385vgix.o
LOAD ./Drivers/STM32U3xx_HAL_Driver/Src/stm32u3xx_hal.o
LOAD ./Drivers/STM32U3xx_HAL_Driver/Src/stm32u3xx_hal_cortex.o
LOAD ./Drivers/STM32U3xx_HAL_Driver/Src/stm32u3xx_hal_crc.o
LOAD ./Drivers/STM32U3xx_HAL_Driver/Src/stm32u3xx_hal_crc_ex.o
LOAD ./Drivers/STM32U3xx_HAL_Driver/Src/stm32u3xx_hal_cryp.o
LOAD ./Drivers/STM32U3xx_HAL_Driver/Src/stm32u3xx_hal_cryp_ex.o
LOAD ./Drivers/STM32U3xx_HAL_Driver/Src/stm32u3xx_hal_dma.o
LOAD ./Drivers/STM32U3xx_HAL_Driver/Src/stm32u3xx_hal_dma_ex.o
LOAD ./Drivers/STM32U3xx_HAL_Driver/Src/stm32u3xx_hal_exti.o
LOAD ./Drivers/STM32U3xx_HAL_Driver/Src/stm32u3xx_hal_flash.o
LOAD ./Drivers/STM32U3xx_HAL_Driver/Src/stm32u3xx_hal_flash_ex.o
LOAD ./Drivers/STM32U3xx_HAL_Driver/Src/stm32u3xx_hal_gpio.o
LOAD ./Drivers/STM32U3xx_HAL_Driver/Src/stm32u3xx_hal_gtzc.o
LOAD ./Drivers/STM32U3xx_HAL_Driver/Src/stm32u3xx_hal_hash.o
LOAD ./Drivers/STM32U3xx_HAL_Driver/Src/stm32u3xx_hal_icache.o
LOAD ./Drivers/STM32U3xx_HAL_Driver/Src/stm32u3xx_hal_lptim.o
LOAD ./Drivers/STM32U3xx_HAL_Driver/Src/stm32u3xx_hal_mmc.o
LOAD ./Drivers/STM32U3xx_HAL_Driver/Src/stm32u3xx_hal_mmc_ex.o
LOAD ./Drivers/STM32U3xx_HAL_Driver/Src/stm32u3xx_hal_pwr.o
LOAD ./Drivers/STM32U3xx_HAL_Driver/Src/stm32u3xx_hal_pwr_ex.o
LOAD ./Drivers/STM32U3xx_HAL_Driver/Src/stm32u3xx_hal_rcc.o
LOAD ./Drivers/STM32U3xx_HAL_Driver/Src/stm32u3xx_hal_rcc_ex.o
LOAD ./Drivers/STM32U3xx_HAL_Driver/Src/stm32u3xx_hal_rng.o
LOAD ./Drivers/STM32U3xx_HAL_Driver/Src/stm32u3xx_hal_rng_ex.o
LOAD ./Drivers/STM32U3xx_HAL_Driver/Src/stm32u3xx_hal_rtc.o
LOAD ./Drivers/STM32U3xx_HAL_Driver/Src/stm32u3xx_hal_rtc_ex.o
LOAD ./Drivers/STM32U3xx_HAL_Driver/Src/stm32u3xx_hal_sd.o
LOAD ./Drivers/STM32U3xx_HAL_Driver/Src/stm32u3xx_hal_sd_ex.o
LOAD ./Drivers/STM32U3xx_HAL_Driver/Src/stm32u3xx_hal_spi.o
LOAD ./Drivers/STM32U3xx_HAL_Driver/Src/stm32u3xx_hal_spi_ex.o
LOAD ./Drivers/STM32U3xx_HAL_Driver/Src/stm32u3xx_hal_tim.o
LOAD ./Drivers/STM32U3xx_HAL_Driver/Src/stm32u3xx_hal_tim_ex.o
LOAD ./Drivers/STM32U3xx_HAL_Driver/Src/stm32u3xx_hal_uart.o
LOAD ./Drivers/STM32U3xx_HAL_Driver/Src/stm32u3xx_hal_uart_ex.o
LOAD ./Drivers/STM32U3xx_HAL_Driver/Src/stm32u3xx_ll_dlyb.o
LOAD ./Drivers/STM32U3xx_HAL_Driver/Src/stm32u3xx_ll_rng.o
LOAD ./Drivers/STM32U3xx_HAL_Driver/Src/stm32u3xx_ll_sdmmc.o
LOAD ./software/src/PAL.o
LOAD ./software/src/keypad.o
LOAD ./software/src/keys.o
LOAD ./software/src/syscalls.o
START GROUP
LOAD /opt/stm32cubeide/plugins/com.st.stm32cube.ide.mcu.externaltools.gnu-tools-for-stm32.14.3.rel1.linux64_1.0.100.202602081740/tools/bin/../lib/gcc/arm-none-eabi/14.3.1/../../../../arm-none-eabi/lib/thumb/v8-m.main+fp/hard/libstdc++_nano.a
LOAD /opt/stm32cubeide/plugins/com.st.stm32cube.ide.mcu.externaltools.gnu-tools-for-stm32.14.3.rel1.linux64_1.0.100.202602081740/tools/bin/../lib/gcc/arm-none-eabi/14.3.1/../../../../arm-none-eabi/lib/thumb/v8-m.main+fp/hard/libsupc++_nano.a
END GROUP
LOAD /opt/stm32cubeide/plugins/com.st.stm32cube.ide.mcu.externaltools.gnu-tools-for-stm32.14.3.rel1.linux64_1.0.100.202602081740/tools/bin/../lib/gcc/arm-none-eabi/14.3.1/../../../../arm-none-eabi/lib/thumb/v8-m.main+fp/hard/libstdc++_nano.a
LOAD /opt/stm32cubeide/plugins/com.st.stm32cube.ide.mcu.externaltools.gnu-tools-for-stm32.14.3.rel1.linux64_1.0.100.202602081740/tools/bin/../lib/gcc/arm-none-eabi/14.3.1/../../../../arm-none-eabi/lib/thumb/v8-m.main+fp/hard/libm.a
LOAD /opt/stm32cubeide/plugins/com.st.stm32cube.ide.mcu.externaltools.gnu-tools-for-stm32.14.3.rel1.linux64_1.0.100.202602081740/tools/bin/../lib/gcc/arm-none-eabi/14.3.1/../../../../arm-none-eabi/lib/thumb/v8-m.main+fp/hard/libc_nano.a
START GROUP
LOAD /opt/stm32cubeide/plugins/com.st.stm32cube.ide.mcu.externaltools.gnu-tools-for-stm32.14.3.rel1.linux64_1.0.100.202602081740/tools/bin/../lib/gcc/arm-none-eabi/14.3.1/thumb/v8-m.main+fp/hard/libgcc.a
LOAD /opt/stm32cubeide/plugins/com.st.stm32cube.ide.mcu.externaltools.gnu-tools-for-stm32.14.3.rel1.linux64_1.0.100.202602081740/tools/bin/../lib/gcc/arm-none-eabi/14.3.1/../../../../arm-none-eabi/lib/thumb/v8-m.main+fp/hard/libc_nano.a
END GROUP
START GROUP
LOAD /opt/stm32cubeide/plugins/com.st.stm32cube.ide.mcu.externaltools.gnu-tools-for-stm32.14.3.rel1.linux64_1.0.100.202602081740/tools/bin/../lib/gcc/arm-none-eabi/14.3.1/thumb/v8-m.main+fp/hard/libgcc.a
LOAD /opt/stm32cubeide/plugins/com.st.stm32cube.ide.mcu.externaltools.gnu-tools-for-stm32.14.3.rel1.linux64_1.0.100.202602081740/tools/bin/../lib/gcc/arm-none-eabi/14.3.1/../../../../arm-none-eabi/lib/thumb/v8-m.main+fp/hard/libc_nano.a
END GROUP
LOAD /opt/stm32cubeide/plugins/com.st.stm32cube.ide.mcu.externaltools.gnu-tools-for-stm32.14.3.rel1.linux64_1.0.100.202602081740/tools/bin/../lib/gcc/arm-none-eabi/14.3.1/thumb/v8-m.main+fp/hard/crtend.o
LOAD /opt/stm32cubeide/plugins/com.st.stm32cube.ide.mcu.externaltools.gnu-tools-for-stm32.14.3.rel1.linux64_1.0.100.202602081740/tools/bin/../lib/gcc/arm-none-eabi/14.3.1/thumb/v8-m.main+fp/hard/crtn.o
                0x20030000                        _estack = (ORIGIN (RAM) + LENGTH (RAM))
                0x2002e000                        _sstack = (_estack - _Min_Stack_Size)
                0x00001000                        _Min_Heap_Size = 0x1000
                0x00002000                        _Min_Stack_Size = 0x2000

.isr_vector     0x08000000      0x234
                0x08000000                        . = ALIGN (0x4)
 *(.isr_vector)
 .isr_vector    0x08000000      0x234 ./Core/Startup/startup_stm32u385vgix.o
                0x08000000                g_pfnVectors
                0x08000234                        . = ALIGN (0x4)

.text           0x08000234     0x6928
                0x08000234                        . = ALIGN (0x4)
 *(.text)
 .text          0x08000234       0x40 /opt/stm32cubeide/plugins/com.st.stm32cube.ide.mcu.externaltools.gnu-tools-for-stm32.14.3.rel1.linux64_1.0.100.202602081740/tools/bin/../lib/gcc/arm-none-eabi/14.3.1/thumb/v8-m.main+fp/hard/crtbegin.o
 .text          0x08000274       0x30 /opt/stm32cubeide/plugins/com.st.stm32cube.ide.mcu.externaltools.gnu-tools-for-stm32.14.3.rel1.linux64_1.0.100.202602081740/tools/bin/../lib/gcc/arm-none-eabi/14.3.1/thumb/v8-m.main+fp/hard/libgcc.a(_aeabi_uldivmod.o)
                0x08000274                __aeabi_uldivmod
 .text          0x080002a4       0x28 /opt/stm32cubeide/plugins/com.st.stm32cube.ide.mcu.externaltools.gnu-tools-for-stm32.14.3.rel1.linux64_1.0.100.202602081740/tools/bin/../lib/gcc/arm-none-eabi/14.3.1/thumb/v8-m.main+fp/hard/libgcc.a(_popcountsi2.o)
                0x080002a4                __popcountsi2
 .text          0x080002cc      0x34c /opt/stm32cubeide/plugins/com.st.stm32cube.ide.mcu.externaltools.gnu-tools-for-stm32.14.3.rel1.linux64_1.0.100.202602081740/tools/bin/../lib/gcc/arm-none-eabi/14.3.1/thumb/v8-m.main+fp/hard/libgcc.a(_udivmoddi4.o)
                0x080002cc                __udivmoddi4
 .text          0x08000618        0x4 /opt/stm32cubeide/plugins/com.st.stm32cube.ide.mcu.externaltools.gnu-tools-for-stm32.14.3.rel1.linux64_1.0.100.202602081740/tools/bin/../lib/gcc/arm-none-eabi/14.3.1/thumb/v8-m.main+fp/hard/libgcc.a(_dvmd_tls.o)
                0x08000618                __aeabi_ldiv0
                0x08000618                __aeabi_idiv0
 *(.text*)
 .text.HAL_GPIO_EXTI_Rising_Callback
                0x0800061c       0x18 ./Core/Src/main.o
                0x0800061c                HAL_GPIO_EXTI_Rising_Callback
 .text.main     0x08000634       0x54 ./Core/Src/main.o
                0x08000634                main
 .text.SystemClock_Config
                0x08000688       0xe4 ./Core/Src/main.o
                0x08000688                SystemClock_Config
 .text.MX_AES_Init
                0x0800076c       0x5c ./Core/Src/main.o
 .text.MX_CRC_Init
                0x080007c8       0x44 ./Core/Src/main.o
 .text.MX_HASH_Init
                0x0800080c       0x34 ./Core/Src/main.o
 .text.MX_LPTIM2_Init
                0x08000840       0xbc ./Core/Src/main.o
 .text.MX_RNG_Init
                0x080008fc       0x2c ./Core/Src/main.o
 .text.MX_RTC_Init
                0x08000928      0x104 ./Core/Src/main.o
 .text.MX_SDMMC1_MMC_Init
                0x08000a2c        0xe ./Core/Src/main.o
 *fill*         0x08000a3a        0x2 
 .text.MX_SPI1_Init
                0x08000a3c       0xdc ./Core/Src/main.o
 .text.MX_SPI2_Init
                0x08000b18       0xe0 ./Core/Src/main.o
 .text.MX_TIM1_Init
                0x08000bf8       0xa8 ./Core/Src/main.o
 .text.MX_USART3_UART_Init
                0x08000ca0       0x98 ./Core/Src/main.o
 .text.MX_GPIO_Init
                0x08000d38      0x23c ./Core/Src/main.o
 .text.Error_Handler
                0x08000f74        0xc ./Core/Src/main.o
                0x08000f74                Error_Handler
 .text.HAL_MspInit
                0x08000f80       0x3c ./Core/Src/stm32u3xx_hal_msp.o
                0x08000f80                HAL_MspInit
 .text.HAL_CRYP_MspInit
                0x08000fbc       0x44 ./Core/Src/stm32u3xx_hal_msp.o
                0x08000fbc                HAL_CRYP_MspInit
 .text.HAL_CRC_MspInit
                0x08001000       0x44 ./Core/Src/stm32u3xx_hal_msp.o
                0x08001000                HAL_CRC_MspInit
 .text.HAL_HASH_MspInit
                0x08001044       0x38 ./Core/Src/stm32u3xx_hal_msp.o
                0x08001044                HAL_HASH_MspInit
 .text.HAL_LPTIM_MspInit
                0x0800107c      0x144 ./Core/Src/stm32u3xx_hal_msp.o
                0x0800107c                HAL_LPTIM_MspInit
 .text.HAL_RNG_MspInit
                0x080011c0       0x6c ./Core/Src/stm32u3xx_hal_msp.o
                0x080011c0                HAL_RNG_MspInit
 .text.HAL_RTC_MspInit
                0x0800122c       0x80 ./Core/Src/stm32u3xx_hal_msp.o
                0x0800122c                HAL_RTC_MspInit
 .text.HAL_SPI_MspInit
                0x080012ac      0x1b0 ./Core/Src/stm32u3xx_hal_msp.o
                0x080012ac                HAL_SPI_MspInit
 .text.HAL_TIM_Base_MspInit
                0x0800145c       0x50 ./Core/Src/stm32u3xx_hal_msp.o
                0x0800145c                HAL_TIM_Base_MspInit
 .text.HAL_UART_MspInit
                0x080014ac      0x114 ./Core/Src/stm32u3xx_hal_msp.o
                0x080014ac                HAL_UART_MspInit
 .text.hard_fault_handler_c
                0x080015c0       0x6c ./Core/Src/stm32u3xx_it.o
                0x080015c0                hard_fault_handler_c
 .text.NMI_Handler
                0x0800162c        0x8 ./Core/Src/stm32u3xx_it.o
                0x0800162c                NMI_Handler
 .text.HardFault_Handler
                0x08001634       0x1a ./Core/Src/stm32u3xx_it.o
                0x08001634                HardFault_Handler
 .text.MemManage_Handler
                0x0800164e        0x8 ./Core/Src/stm32u3xx_it.o
                0x0800164e                MemManage_Handler
 .text.BusFault_Handler
                0x08001656        0x8 ./Core/Src/stm32u3xx_it.o
                0x08001656                BusFault_Handler
 .text.UsageFault_Handler
                0x0800165e        0x8 ./Core/Src/stm32u3xx_it.o
                0x0800165e                UsageFault_Handler
 .text.SVC_Handler
                0x08001666        0xe ./Core/Src/stm32u3xx_it.o
                0x08001666                SVC_Handler
 .text.DebugMon_Handler
                0x08001674        0xe ./Core/Src/stm32u3xx_it.o
                0x08001674                DebugMon_Handler
 .text.PendSV_Handler
                0x08001682        0xe ./Core/Src/stm32u3xx_it.o
                0x08001682                PendSV_Handler
 .text.SysTick_Handler
                0x08001690        0xc ./Core/Src/stm32u3xx_it.o
                0x08001690                SysTick_Handler
 .text.EXTI0_IRQHandler
                0x0800169c        0xe ./Core/Src/stm32u3xx_it.o
                0x0800169c                EXTI0_IRQHandler
 *fill*         0x080016aa        0x2 
 .text.TIM1_UP_IRQHandler
                0x080016ac       0x18 ./Core/Src/stm32u3xx_it.o
                0x080016ac                TIM1_UP_IRQHandler
 .text._sbrk    0x080016c4       0x6c ./Core/Src/sysmem.o
                0x080016c4                _sbrk
 .text.SystemInit
                0x08001730       0x24 ./Core/Src/system_stm32u3xx.o
                0x08001730                SystemInit
 .text.SystemCoreClockUpdate
                0x08001754       0xd0 ./Core/Src/system_stm32u3xx.o
                0x08001754                SystemCoreClockUpdate
 .text.Reset_Handler
                0x08001824       0x5c ./Core/Startup/startup_stm32u385vgix.o
                0x08001824                Reset_Handler
 .text.Default_Handler
                0x08001880        0x2 ./Core/Startup/startup_stm32u385vgix.o
                0x08001880                EXTI2_IRQHandler
                0x08001880                EXTI5_IRQHandler
                0x08001880                I3C1_ER_IRQHandler
                0x08001880                FLASH_S_IRQHandler
                0x08001880                EXTI13_IRQHandler
                0x08001880                TIM1_CC_IRQHandler
                0x08001880                TSC_IRQHandler
                0x08001880                TIM1_TRG_COM_DIR_IDX_IRQHandler
                0x08001880                TAMP_IRQHandler
                0x08001880                TIM6_IRQHandler
                0x08001880                EXTI12_IRQHandler
                0x08001880                EXTI3_IRQHandler
                0x08001880                LPTIM4_IRQHandler
                0x08001880                GPDMA1_Channel5_IRQHandler
                0x08001880                EXTI8_IRQHandler
                0x08001880                LPTIM2_IRQHandler
                0x08001880                USB_FS_IRQHandler
                0x08001880                I2C3_ER_IRQHandler
                0x08001880                LPTIM3_IRQHandler
                0x08001880                I2C2_EV_IRQHandler
                0x08001880                FPU_IRQHandler
                0x08001880                GPDMA1_Channel3_IRQHandler
                0x08001880                GPDMA1_Channel7_IRQHandler
                0x08001880                FDCAN1_IT1_IRQHandler
                0x08001880                RAMCFG_IRQHandler
                0x08001880                PWR_S_IRQHandler
                0x08001880                GPDMA1_Channel9_IRQHandler
                0x08001880                SPI1_IRQHandler
                0x08001880                OCTOSPI1_IRQHandler
                0x08001880                GPDMA1_Channel2_IRQHandler
                0x08001880                RCC_S_IRQHandler
                0x08001880                ADC1_IRQHandler
                0x08001880                PKA_IRQHandler
                0x08001880                PWR_IRQHandler
                0x08001880                I3C2_ER_IRQHandler
                0x08001880                EXTI15_IRQHandler
                0x08001880                TIM17_IRQHandler
                0x08001880                USART3_IRQHandler
                0x08001880                RTC_IRQHandler
                0x08001880                EXTI9_IRQHandler
                0x08001880                UART5_IRQHandler
                0x08001880                TIM4_IRQHandler
                0x08001880                I3C2_EV_IRQHandler
                0x08001880                I2C1_EV_IRQHandler
                0x08001880                GPDMA1_Channel1_IRQHandler
                0x08001880                TIM16_IRQHandler
                0x08001880                UART4_IRQHandler
                0x08001880                SecureFault_Handler
                0x08001880                TIM3_IRQHandler
                0x08001880                RCC_IRQHandler
                0x08001880                Default_Handler
                0x08001880                GPDMA1_Channel8_IRQHandler
                0x08001880                GPDMA1_Channel11_IRQHandler
                0x08001880                TIM7_IRQHandler
                0x08001880                SDMMC1_IRQHandler
                0x08001880                SAES_IRQHandler
                0x08001880                GPDMA1_Channel0_IRQHandler
                0x08001880                I3C1_EV_IRQHandler
                0x08001880                TIM15_IRQHandler
                0x08001880                I2C3_EV_IRQHandler
                0x08001880                PVD_PVM_IRQHandler
                0x08001880                ADC2_IRQHandler
                0x08001880                SPI2_IRQHandler
                0x08001880                EXTI14_IRQHandler
                0x08001880                EXTI11_IRQHandler
                0x08001880                CRS_IRQHandler
                0x08001880                EXTI4_IRQHandler
                0x08001880                TIM1_BRK_TERR_IERR_IRQHandler
                0x08001880                RTC_S_IRQHandler
                0x08001880                RNG_IRQHandler
                0x08001880                COMP_IRQHandler
                0x08001880                WWDG_IRQHandler
                0x08001880                ADF1_IRQHandler
                0x08001880                IWDG_IRQHandler
                0x08001880                LPUART1_IRQHandler
                0x08001880                FDCAN1_IT0_IRQHandler
                0x08001880                TIM2_IRQHandler
                0x08001880                GPDMA1_Channel4_IRQHandler
                0x08001880                EXTI7_IRQHandler
                0x08001880                EXTI1_IRQHandler
                0x08001880                AES_IRQHandler
                0x08001880                DAC1_IRQHandler
                0x08001880                GTZC_IRQHandler
                0x08001880                GPDMA1_Channel6_IRQHandler
                0x08001880                I2C2_ER_IRQHandler
                0x08001880                FLASH_IRQHandler
                0x08001880                USART1_IRQHandler
                0x08001880                EXTI10_IRQHandler
                0x08001880                SPI3_IRQHandler
                0x08001880                I2C1_ER_IRQHandler
                0x08001880                EXTI6_IRQHandler
                0x08001880                LPTIM1_IRQHandler
                0x08001880                GPDMA1_Channel10_IRQHandler
                0x08001880                ICACHE_IRQHandler
                0x08001880                SAI1_IRQHandler
                0x08001880                HASH_IRQHandler
 *fill*         0x08001882        0x2 
 .text.HAL_Init
                0x08001884       0x40 ./Drivers/STM32U3xx_HAL_Driver/Src/stm32u3xx_hal.o
                0x08001884                HAL_Init
 .text.HAL_InitTick
                0x080018c4       0xfc ./Drivers/STM32U3xx_HAL_Driver/Src/stm32u3xx_hal.o
                0x080018c4                HAL_InitTick
 .text.HAL_IncTick
                0x080019c0       0x28 ./Drivers/STM32U3xx_HAL_Driver/Src/stm32u3xx_hal.o
                0x080019c0                HAL_IncTick
 .text.HAL_GetTick
                0x080019e8       0x18 ./Drivers/STM32U3xx_HAL_Driver/Src/stm32u3xx_hal.o
                0x080019e8                HAL_GetTick
 .text.HAL_Delay
                0x08001a00       0x48 ./Drivers/STM32U3xx_HAL_Driver/Src/stm32u3xx_hal.o
                0x08001a00                HAL_Delay
 .text.__NVIC_SetPriorityGrouping
                0x08001a48       0x48 ./Drivers/STM32U3xx_HAL_Driver/Src/stm32u3xx_hal_cortex.o
 .text.__NVIC_GetPriorityGrouping
                0x08001a90       0x1c ./Drivers/STM32U3xx_HAL_Driver/Src/stm32u3xx_hal_cortex.o
 .text.__NVIC_EnableIRQ
                0x08001aac       0x3c ./Drivers/STM32U3xx_HAL_Driver/Src/stm32u3xx_hal_cortex.o
 .text.__NVIC_SetPriority
                0x08001ae8       0x54 ./Drivers/STM32U3xx_HAL_Driver/Src/stm32u3xx_hal_cortex.o
 .text.NVIC_EncodePriority
                0x08001b3c       0x66 ./Drivers/STM32U3xx_HAL_Driver/Src/stm32u3xx_hal_cortex.o
 .text.HAL_NVIC_SetPriorityGrouping
                0x08001ba2       0x16 ./Drivers/STM32U3xx_HAL_Driver/Src/stm32u3xx_hal_cortex.o
                0x08001ba2                HAL_NVIC_SetPriorityGrouping
 .text.HAL_NVIC_SetPriority
                0x08001bb8       0x34 ./Drivers/STM32U3xx_HAL_Driver/Src/stm32u3xx_hal_cortex.o
                0x08001bb8                HAL_NVIC_SetPriority
 .text.HAL_NVIC_EnableIRQ
                0x08001bec       0x1c ./Drivers/STM32U3xx_HAL_Driver/Src/stm32u3xx_hal_cortex.o
                0x08001bec                HAL_NVIC_EnableIRQ
 .text.HAL_SYSTICK_Config
                0x08001c08       0x44 ./Drivers/STM32U3xx_HAL_Driver/Src/stm32u3xx_hal_cortex.o
                0x08001c08                HAL_SYSTICK_Config
 .text.HAL_SYSTICK_CLKSourceConfig
                0x08001c4c       0xb0 ./Drivers/STM32U3xx_HAL_Driver/Src/stm32u3xx_hal_cortex.o
                0x08001c4c                HAL_SYSTICK_CLKSourceConfig
 .text.HAL_CRC_Init
                0x08001cfc       0xc8 ./Drivers/STM32U3xx_HAL_Driver/Src/stm32u3xx_hal_crc.o
                0x08001cfc                HAL_CRC_Init
 .text.HAL_CRCEx_Polynomial_Set
                0x08001dc4      0x11c ./Drivers/STM32U3xx_HAL_Driver/Src/stm32u3xx_hal_crc_ex.o
                0x08001dc4                HAL_CRCEx_Polynomial_Set
 .text.LL_RNG_Enable
                0x08001ee0       0x20 ./Drivers/STM32U3xx_HAL_Driver/Src/stm32u3xx_hal_cryp.o
 .text.LL_RNG_Disable
                0x08001f00       0x20 ./Drivers/STM32U3xx_HAL_Driver/Src/stm32u3xx_hal_cryp.o
 .text.LL_RNG_DisableCondReset
                0x08001f20       0x20 ./Drivers/STM32U3xx_HAL_Driver/Src/stm32u3xx_hal_cryp.o
 .text.LL_RNG_IsConfigLocked
                0x08001f40       0x28 ./Drivers/STM32U3xx_HAL_Driver/Src/stm32u3xx_hal_cryp.o
 .text.LL_RNG_IsActiveFlag_DRDY
                0x08001f68       0x26 ./Drivers/STM32U3xx_HAL_Driver/Src/stm32u3xx_hal_cryp.o
 .text.LL_RNG_IsActiveFlag_SECS
                0x08001f8e       0x26 ./Drivers/STM32U3xx_HAL_Driver/Src/stm32u3xx_hal_cryp.o
 .text.LL_RNG_ClearFlag_SEIS
                0x08001fb4       0x1c ./Drivers/STM32U3xx_HAL_Driver/Src/stm32u3xx_hal_cryp.o
 .text.LL_RNG_GetHealthTestStatus
                0x08001fd0       0x20 ./Drivers/STM32U3xx_HAL_Driver/Src/stm32u3xx_hal_cryp.o
 .text.LL_RNG_SetNoiseSourceMask
                0x08001ff0       0x1c ./Drivers/STM32U3xx_HAL_Driver/Src/stm32u3xx_hal_cryp.o
 .text.LL_RNG_GetNoiseSourceMask
                0x0800200c       0x18 ./Drivers/STM32U3xx_HAL_Driver/Src/stm32u3xx_hal_cryp.o
 .text.LL_RNG_GetOscNoiseSrc
                0x08002024       0x42 ./Drivers/STM32U3xx_HAL_Driver/Src/stm32u3xx_hal_cryp.o
 *fill*         0x08002066        0x2 
 .text.HAL_CRYP_Init
                0x08002068      0x1a8 ./Drivers/STM32U3xx_HAL_Driver/Src/stm32u3xx_hal_cryp.o
                0x08002068                HAL_CRYP_Init
 .text.CRYP_RNG_ResilientRecoverSeedError
                0x08002210      0x258 ./Drivers/STM32U3xx_HAL_Driver/Src/stm32u3xx_hal_cryp.o
                0x08002210                CRYP_RNG_ResilientRecoverSeedError
 .text.HAL_GPIO_Init
                0x08002468      0x314 ./Drivers/STM32U3xx_HAL_Driver/Src/stm32u3xx_hal_gpio.o
                0x08002468                HAL_GPIO_Init
 .text.HAL_GPIO_WritePin
                0x0800277c       0x30 ./Drivers/STM32U3xx_HAL_Driver/Src/stm32u3xx_hal_gpio.o
                0x0800277c                HAL_GPIO_WritePin
 .text.HAL_GPIO_TogglePin
                0x080027ac       0x34 ./Drivers/STM32U3xx_HAL_Driver/Src/stm32u3xx_hal_gpio.o
                0x080027ac                HAL_GPIO_TogglePin
 .text.HAL_GPIO_EXTI_IRQHandler
                0x080027e0       0x4c ./Drivers/STM32U3xx_HAL_Driver/Src/stm32u3xx_hal_gpio.o
                0x080027e0                HAL_GPIO_EXTI_IRQHandler
 .text.HAL_GPIO_EXTI_Falling_Callback
                0x0800282c       0x16 ./Drivers/STM32U3xx_HAL_Driver/Src/stm32u3xx_hal_gpio.o
                0x0800282c                HAL_GPIO_EXTI_Falling_Callback
 .text.HAL_HASH_Init
                0x08002842       0x70 ./Drivers/STM32U3xx_HAL_Driver/Src/stm32u3xx_hal_hash.o
                0x08002842                HAL_HASH_Init
 *fill*         0x080028b2        0x2 
 .text.HAL_LPTIM_Init
                0x080028b4      0x200 ./Drivers/STM32U3xx_HAL_Driver/Src/stm32u3xx_hal_lptim.o
                0x080028b4                HAL_LPTIM_Init
 .text.HAL_LPTIM_IC_ConfigChannel
                0x08002ab4       0x48 ./Drivers/STM32U3xx_HAL_Driver/Src/stm32u3xx_hal_lptim.o
                0x08002ab4                HAL_LPTIM_IC_ConfigChannel
 .text.LPTIM_WaitForFlag
                0x08002afc       0x60 ./Drivers/STM32U3xx_HAL_Driver/Src/stm32u3xx_hal_lptim.o
 .text.LPTIM_IC1_SetConfig
                0x08002b5c       0x6e ./Drivers/STM32U3xx_HAL_Driver/Src/stm32u3xx_hal_lptim.o
 .text.LPTIM_IC2_SetConfig
                0x08002bca       0x70 ./Drivers/STM32U3xx_HAL_Driver/Src/stm32u3xx_hal_lptim.o
 *fill*         0x08002c3a        0x2 
 .text.HAL_PWR_EnableBkUpAccess
                0x08002c3c       0x18 ./Drivers/STM32U3xx_HAL_Driver/Src/stm32u3xx_hal_pwr.o
                0x08002c3c                HAL_PWR_EnableBkUpAccess
 .text.HAL_PWREx_ControlVoltageScaling
                0x08002c54       0x7c ./Drivers/STM32U3xx_HAL_Driver/Src/stm32u3xx_hal_pwr_ex.o
                0x08002c54                HAL_PWREx_ControlVoltageScaling
 .text.HAL_PWREx_EnableEpodBooster
                0x08002cd0       0x58 ./Drivers/STM32U3xx_HAL_Driver/Src/stm32u3xx_hal_pwr_ex.o
                0x08002cd0                HAL_PWREx_EnableEpodBooster
 .text.HAL_RCC_OscConfig
                0x08002d28      0x6ac ./Drivers/STM32U3xx_HAL_Driver/Src/stm32u3xx_hal_rcc.o
                0x08002d28                HAL_RCC_OscConfig
 .text.HAL_RCC_ClockConfig
                0x080033d4      0x1d8 ./Drivers/STM32U3xx_HAL_Driver/Src/stm32u3xx_hal_rcc.o
                0x080033d4                HAL_RCC_ClockConfig
 .text.HAL_RCC_GetSysClockFreq
                0x080035ac       0x90 ./Drivers/STM32U3xx_HAL_Driver/Src/stm32u3xx_hal_rcc.o
                0x080035ac                HAL_RCC_GetSysClockFreq
 .text.HAL_RCC_GetHCLKFreq
                0x0800363c       0x34 ./Drivers/STM32U3xx_HAL_Driver/Src/stm32u3xx_hal_rcc.o
                0x0800363c                HAL_RCC_GetHCLKFreq
 .text.HAL_RCC_GetPCLK1Freq
                0x08003670       0x28 ./Drivers/STM32U3xx_HAL_Driver/Src/stm32u3xx_hal_rcc.o
                0x08003670                HAL_RCC_GetPCLK1Freq
 .text.HAL_RCC_GetPCLK2Freq
                0x08003698       0x28 ./Drivers/STM32U3xx_HAL_Driver/Src/stm32u3xx_hal_rcc.o
                0x08003698                HAL_RCC_GetPCLK2Freq
 .text.HAL_RCC_GetPCLK3Freq
                0x080036c0       0x28 ./Drivers/STM32U3xx_HAL_Driver/Src/stm32u3xx_hal_rcc.o
                0x080036c0                HAL_RCC_GetPCLK3Freq
 .text.HAL_RCC_GetMSIKFreq
                0x080036e8       0x6c ./Drivers/STM32U3xx_HAL_Driver/Src/stm32u3xx_hal_rcc.o
                0x080036e8                HAL_RCC_GetMSIKFreq
 .text.HAL_RCCEx_PeriphCLKConfig
                0x08003754      0x4dc ./Drivers/STM32U3xx_HAL_Driver/Src/stm32u3xx_hal_rcc_ex.o
                0x08003754                HAL_RCCEx_PeriphCLKConfig
 .text.HAL_RCCEx_GetPeriphCLKFreq
                0x08003c30      0x9b4 ./Drivers/STM32U3xx_HAL_Driver/Src/stm32u3xx_hal_rcc_ex.o
                0x08003c30                HAL_RCCEx_GetPeriphCLKFreq
 .text.HAL_RCCEx_EpodBoosterClkConfig
                0x080045e4       0x88 ./Drivers/STM32U3xx_HAL_Driver/Src/stm32u3xx_hal_rcc_ex.o
                0x080045e4                HAL_RCCEx_EpodBoosterClkConfig
 .text.HAL_RNG_Init
                0x0800466c      0x13c ./Drivers/STM32U3xx_HAL_Driver/Src/stm32u3xx_hal_rng.o
                0x0800466c                HAL_RNG_Init
 .text.HAL_RTC_Init
                0x080047a8      0x118 ./Drivers/STM32U3xx_HAL_Driver/Src/stm32u3xx_hal_rtc.o
                0x080047a8                HAL_RTC_Init
 .text.HAL_RTC_SetTime
                0x080048c0      0x124 ./Drivers/STM32U3xx_HAL_Driver/Src/stm32u3xx_hal_rtc.o
                0x080048c0                HAL_RTC_SetTime
 .text.HAL_RTC_SetDate
                0x080049e4      0x10c ./Drivers/STM32U3xx_HAL_Driver/Src/stm32u3xx_hal_rtc.o
                0x080049e4                HAL_RTC_SetDate
 .text.HAL_RTC_WaitForSynchro
                0x08004af0       0x64 ./Drivers/STM32U3xx_HAL_Driver/Src/stm32u3xx_hal_rtc.o
                0x08004af0                HAL_RTC_WaitForSynchro
 .text.RTC_EnterInitMode
                0x08004b54       0x78 ./Drivers/STM32U3xx_HAL_Driver/Src/stm32u3xx_hal_rtc.o
                0x08004b54                RTC_EnterInitMode
 .text.RTC_ExitInitMode
                0x08004bcc       0x7c ./Drivers/STM32U3xx_HAL_Driver/Src/stm32u3xx_hal_rtc.o
                0x08004bcc                RTC_ExitInitMode
 .text.RTC_ByteToBcd2
                0x08004c48       0x40 ./Drivers/STM32U3xx_HAL_Driver/Src/stm32u3xx_hal_rtc.o
                0x08004c48                RTC_ByteToBcd2
 .text.HAL_RTCEx_PrivilegeModeSet
                0x08004c88       0x5c ./Drivers/STM32U3xx_HAL_Driver/Src/stm32u3xx_hal_rtc_ex.o
                0x08004c88                HAL_RTCEx_PrivilegeModeSet
 .text.HAL_SPI_Init
                0x08004ce4      0x1e0 ./Drivers/STM32U3xx_HAL_Driver/Src/stm32u3xx_hal_spi.o
                0x08004ce4                HAL_SPI_Init
 .text.SPI_GetPacketSize
                0x08004ec4       0x36 ./Drivers/STM32U3xx_HAL_Driver/Src/stm32u3xx_hal_spi.o
 .text.HAL_SPIEx_SetConfigAutonomousMode
                0x08004efa       0x82 ./Drivers/STM32U3xx_HAL_Driver/Src/stm32u3xx_hal_spi_ex.o
                0x08004efa                HAL_SPIEx_SetConfigAutonomousMode
 .text.HAL_TIM_Base_Init
                0x08004f7c       0xae ./Drivers/STM32U3xx_HAL_Driver/Src/stm32u3xx_hal_tim.o
                0x08004f7c                HAL_TIM_Base_Init
 *fill*         0x0800502a        0x2 
 .text.HAL_TIM_Base_Start_IT
                0x0800502c       0xc4 ./Drivers/STM32U3xx_HAL_Driver/Src/stm32u3xx_hal_tim.o
                0x0800502c                HAL_TIM_Base_Start_IT
 .text.HAL_TIM_IRQHandler
                0x080050f0      0x29e ./Drivers/STM32U3xx_HAL_Driver/Src/stm32u3xx_hal_tim.o
                0x080050f0                HAL_TIM_IRQHandler
 *fill*         0x0800538e        0x2 
 .text.HAL_TIM_ConfigClockSource
                0x08005390      0x1d0 ./Drivers/STM32U3xx_HAL_Driver/Src/stm32u3xx_hal_tim.o
                0x08005390                HAL_TIM_ConfigClockSource
 .text.HAL_TIM_PeriodElapsedCallback
                0x08005560       0x14 ./Drivers/STM32U3xx_HAL_Driver/Src/stm32u3xx_hal_tim.o
                0x08005560                HAL_TIM_PeriodElapsedCallback
 .text.HAL_TIM_OC_DelayElapsedCallback
                0x08005574       0x14 ./Drivers/STM32U3xx_HAL_Driver/Src/stm32u3xx_hal_tim.o
                0x08005574                HAL_TIM_OC_DelayElapsedCallback
 .text.HAL_TIM_IC_CaptureCallback
                0x08005588       0x14 ./Drivers/STM32U3xx_HAL_Driver/Src/stm32u3xx_hal_tim.o
                0x08005588                HAL_TIM_IC_CaptureCallback
 .text.HAL_TIM_PWM_PulseFinishedCallback
                0x0800559c       0x14 ./Drivers/STM32U3xx_HAL_Driver/Src/stm32u3xx_hal_tim.o
                0x0800559c                HAL_TIM_PWM_PulseFinishedCallback
 .text.HAL_TIM_TriggerCallback
                0x080055b0       0x14 ./Drivers/STM32U3xx_HAL_Driver/Src/stm32u3xx_hal_tim.o
                0x080055b0                HAL_TIM_TriggerCallback
 .text.TIM_Base_SetConfig
                0x080055c4      0x110 ./Drivers/STM32U3xx_HAL_Driver/Src/stm32u3xx_hal_tim.o
                0x080055c4                TIM_Base_SetConfig
 .text.TIM_TI1_ConfigInputStage
                0x080056d4       0x5e ./Drivers/STM32U3xx_HAL_Driver/Src/stm32u3xx_hal_tim.o
 .text.TIM_TI2_ConfigInputStage
                0x08005732       0x60 ./Drivers/STM32U3xx_HAL_Driver/Src/stm32u3xx_hal_tim.o
 .text.TIM_ITRx_SetConfig
                0x08005792       0x3a ./Drivers/STM32U3xx_HAL_Driver/Src/stm32u3xx_hal_tim.o
 .text.TIM_ETR_SetConfig
                0x080057cc       0x40 ./Drivers/STM32U3xx_HAL_Driver/Src/stm32u3xx_hal_tim.o
                0x080057cc                TIM_ETR_SetConfig
 .text.HAL_TIMEx_MasterConfigSynchronization
                0x0800580c       0xec ./Drivers/STM32U3xx_HAL_Driver/Src/stm32u3xx_hal_tim_ex.o
                0x0800580c                HAL_TIMEx_MasterConfigSynchronization
 .text.HAL_TIMEx_CommutCallback
                0x080058f8       0x14 ./Drivers/STM32U3xx_HAL_Driver/Src/stm32u3xx_hal_tim_ex.o
                0x080058f8                HAL_TIMEx_CommutCallback
 .text.HAL_TIMEx_BreakCallback
                0x0800590c       0x14 ./Drivers/STM32U3xx_HAL_Driver/Src/stm32u3xx_hal_tim_ex.o
                0x0800590c                HAL_TIMEx_BreakCallback
 .text.HAL_TIMEx_Break2Callback
                0x08005920       0x14 ./Drivers/STM32U3xx_HAL_Driver/Src/stm32u3xx_hal_tim_ex.o
                0x08005920                HAL_TIMEx_Break2Callback
 .text.HAL_TIMEx_EncoderIndexCallback
                0x08005934       0x14 ./Drivers/STM32U3xx_HAL_Driver/Src/stm32u3xx_hal_tim_ex.o
                0x08005934                HAL_TIMEx_EncoderIndexCallback
 .text.HAL_TIMEx_DirectionChangeCallback
                0x08005948       0x14 ./Drivers/STM32U3xx_HAL_Driver/Src/stm32u3xx_hal_tim_ex.o
                0x08005948                HAL_TIMEx_DirectionChangeCallback
 .text.HAL_TIMEx_IndexErrorCallback
                0x0800595c       0x14 ./Drivers/STM32U3xx_HAL_Driver/Src/stm32u3xx_hal_tim_ex.o
                0x0800595c                HAL_TIMEx_IndexErrorCallback
 .text.HAL_TIMEx_TransitionErrorCallback
                0x08005970       0x14 ./Drivers/STM32U3xx_HAL_Driver/Src/stm32u3xx_hal_tim_ex.o
                0x08005970                HAL_TIMEx_TransitionErrorCallback
 .text.HAL_UART_Init
                0x08005984       0xa0 ./Drivers/STM32U3xx_HAL_Driver/Src/stm32u3xx_hal_uart.o
                0x08005984                HAL_UART_Init
 .text.UART_SetConfig
                0x08005a24      0x2e8 ./Drivers/STM32U3xx_HAL_Driver/Src/stm32u3xx_hal_uart.o
                0x08005a24                UART_SetConfig
 .text.UART_AdvFeatureConfig
                0x08005d0c      0x144 ./Drivers/STM32U3xx_HAL_Driver/Src/stm32u3xx_hal_uart.o
                0x08005d0c                UART_AdvFeatureConfig
 .text.UART_CheckIdleState
                0x08005e50      0x154 ./Drivers/STM32U3xx_HAL_Driver/Src/stm32u3xx_hal_uart.o
                0x08005e50                UART_CheckIdleState
 .text.UART_WaitOnFlagUntilTimeout
                0x08005fa4       0xda ./Drivers/STM32U3xx_HAL_Driver/Src/stm32u3xx_hal_uart.o
                0x08005fa4                UART_WaitOnFlagUntilTimeout
 .text.UART_EndRxTransfer
                0x0800607e       0xcc ./Drivers/STM32U3xx_HAL_Driver/Src/stm32u3xx_hal_uart.o
 .text.HAL_UARTEx_DisableFifoMode
                0x0800614a       0x72 ./Drivers/STM32U3xx_HAL_Driver/Src/stm32u3xx_hal_uart_ex.o
                0x0800614a                HAL_UARTEx_DisableFifoMode
 .text.HAL_UARTEx_SetTxFifoThreshold
                0x080061bc       0x7c ./Drivers/STM32U3xx_HAL_Driver/Src/stm32u3xx_hal_uart_ex.o
                0x080061bc                HAL_UARTEx_SetTxFifoThreshold
 .text.HAL_UARTEx_SetRxFifoThreshold
                0x08006238       0x7c ./Drivers/STM32U3xx_HAL_Driver/Src/stm32u3xx_hal_uart_ex.o
                0x08006238                HAL_UARTEx_SetRxFifoThreshold
 .text.UARTEx_SetNbDataToProcess
                0x080062b4       0x9c ./Drivers/STM32U3xx_HAL_Driver/Src/stm32u3xx_hal_uart_ex.o
 .text.GPIO_toggle
                0x08006350       0x26 ./software/src/PAL.o
                0x08006350                GPIO_toggle
 .text.get_tick
                0x08006376       0x1a ./software/src/PAL.o
                0x08006376                get_tick
 .text.rotary_button_handler
                0x08006390       0x20 ./software/src/keypad.o
                0x08006390                rotary_button_handler
 .text.key_scan_tick_handler
                0x080063b0       0xc4 ./software/src/keypad.o
                0x080063b0                key_scan_tick_handler
 .text.keypad_main
                0x08006474       0x30 ./software/src/keypad.o
                0x08006474                keypad_main
 .text._Z41__static_initialization_and_destruction_0v
                0x080064a4       0x30 ./software/src/keypad.o
 .text._Z41__static_initialization_and_destruction_1v
                0x080064d4       0x14 ./software/src/keypad.o
 .text._GLOBAL__sub_I_keypad_scan
                0x080064e8        0xa ./software/src/keypad.o
 .text._GLOBAL__sub_D_keypad_scan
                0x080064f2        0xa ./software/src/keypad.o
 .text._ZN6keys_tC2EPKhhh
                0x080064fc       0x72 ./software/src/keys.o
                0x080064fc                keys_t::keys_t(unsigned char const*, unsigned char, unsigned char)
                0x080064fc                keys_t::keys_t(unsigned char const*, unsigned char, unsigned char)
 .text._ZN6keys_tD2Ev
                0x0800656e       0x1c ./software/src/keys.o
                0x0800656e                keys_t::~keys_t()
                0x0800656e                keys_t::~keys_t()
 .text._ZN6keys_t3endEv
                0x0800658a       0x1e ./software/src/keys.o
                0x0800658a                keys_t::end()
 .text._ZN10key_scan_tC2EPVmtPVKmtPKh
                0x080065a8       0xce ./software/src/keys.o
                0x080065a8                key_scan_t::key_scan_t(unsigned long volatile*, unsigned short, unsigned long const volatile*, unsigned short, unsigned char const*)
                0x080065a8                key_scan_t::key_scan_t(unsigned long volatile*, unsigned short, unsigned long const volatile*, unsigned short, unsigned char const*)
 .text._ZN10key_scan_tD2Ev
                0x08006676       0x24 ./software/src/keys.o
                0x08006676                key_scan_t::~key_scan_t()
                0x08006676                key_scan_t::~key_scan_t()
 .text._ZN10key_scan_t6updateEv
                0x0800669a       0xca ./software/src/keys.o
                0x0800669a                key_scan_t::update()
 .text._ZN10key_scan_t13update_activeEv
                0x08006764       0xb0 ./software/src/keys.o
                0x08006764                key_scan_t::update_active()
 .text._ZN10key_scan_t5beginEv
                0x08006814       0x1a ./software/src/keys.o
                0x08006814                key_scan_t::begin()
 .text._ZN10key_scan_t15process_bitmaskEht
                0x0800682e       0x7e ./software/src/keys.o
                0x0800682e                key_scan_t::process_bitmask(unsigned char, unsigned short)
 .text.malloc   0x080068ac       0x10 /opt/stm32cubeide/plugins/com.st.stm32cube.ide.mcu.externaltools.gnu-tools-for-stm32.14.3.rel1.linux64_1.0.100.202602081740/tools/bin/../lib/gcc/arm-none-eabi/14.3.1/../../../../arm-none-eabi/lib/thumb/v8-m.main+fp/hard/libc_nano.a(libc_a-malloc.o)
                0x080068ac                malloc
 .text.free     0x080068bc       0x10 /opt/stm32cubeide/plugins/com.st.stm32cube.ide.mcu.externaltools.gnu-tools-for-stm32.14.3.rel1.linux64_1.0.100.202602081740/tools/bin/../lib/gcc/arm-none-eabi/14.3.1/../../../../arm-none-eabi/lib/thumb/v8-m.main+fp/hard/libc_nano.a(libc_a-malloc.o)
                0x080068bc                free
 .text.sbrk_aligned
                0x080068cc       0x44 /opt/stm32cubeide/plugins/com.st.stm32cube.ide.mcu.externaltools.gnu-tools-for-stm32.14.3.rel1.linux64_1.0.100.202602081740/tools/bin/../lib/gcc/arm-none-eabi/14.3.1/../../../../arm-none-eabi/lib/thumb/v8-m.main+fp/hard/libc_nano.a(libc_a-mallocr.o)
 .text._malloc_r
                0x08006910      0x100 /opt/stm32cubeide/plugins/com.st.stm32cube.ide.mcu.externaltools.gnu-tools-for-stm32.14.3.rel1.linux64_1.0.100.202602081740/tools/bin/../lib/gcc/arm-none-eabi/14.3.1/../../../../arm-none-eabi/lib/thumb/v8-m.main+fp/hard/libc_nano.a(libc_a-mallocr.o)
                0x08006910                _malloc_r
 .text.__malloc_lock
                0x08006a10        0xc /opt/stm32cubeide/plugins/com.st.stm32cube.ide.mcu.externaltools.gnu-tools-for-stm32.14.3.rel1.linux64_1.0.100.202602081740/tools/bin/../lib/gcc/arm-none-eabi/14.3.1/../../../../arm-none-eabi/lib/thumb/v8-m.main+fp/hard/libc_nano.a(libc_a-mlock.o)
                0x08006a10                __malloc_lock
 .text.__malloc_unlock
                0x08006a1c        0xc /opt/stm32cubeide/plugins/com.st.stm32cube.ide.mcu.externaltools.gnu-tools-for-stm32.14.3.rel1.linux64_1.0.100.202602081740/tools/bin/../lib/gcc/arm-none-eabi/14.3.1/../../../../arm-none-eabi/lib/thumb/v8-m.main+fp/hard/libc_nano.a(libc_a-mlock.o)
                0x08006a1c                __malloc_unlock
 .text.memset   0x08006a28       0x10 /opt/stm32cubeide/plugins/com.st.stm32cube.ide.mcu.externaltools.gnu-tools-for-stm32.14.3.rel1.linux64_1.0.100.202602081740/tools/bin/../lib/gcc/arm-none-eabi/14.3.1/../../../../arm-none-eabi/lib/thumb/v8-m.main+fp/hard/libc_nano.a(libc_a-memset.o)
                0x08006a28                memset
 .text._sbrk_r  0x08006a38       0x20 /opt/stm32cubeide/plugins/com.st.stm32cube.ide.mcu.externaltools.gnu-tools-for-stm32.14.3.rel1.linux64_1.0.100.202602081740/tools/bin/../lib/gcc/arm-none-eabi/14.3.1/../../../../arm-none-eabi/lib/thumb/v8-m.main+fp/hard/libc_nano.a(libc_a-sbrkr.o)
                0x08006a38                _sbrk_r
 .text.__errno  0x08006a58        0xc /opt/stm32cubeide/plugins/com.st.stm32cube.ide.mcu.externaltools.gnu-tools-for-stm32.14.3.rel1.linux64_1.0.100.202602081740/tools/bin/../lib/gcc/arm-none-eabi/14.3.1/../../../../arm-none-eabi/lib/thumb/v8-m.main+fp/hard/libc_nano.a(libc_a-errno.o)
                0x08006a58                __errno
 .text.__libc_init_array
                0x08006a64       0x48 /opt/stm32cubeide/plugins/com.st.stm32cube.ide.mcu.externaltools.gnu-tools-for-stm32.14.3.rel1.linux64_1.0.100.202602081740/tools/bin/../lib/gcc/arm-none-eabi/14.3.1/../../../../arm-none-eabi/lib/thumb/v8-m.main+fp/hard/libc_nano.a(libc_a-init.o)
                0x08006a64                __libc_init_array
 .text.__retarget_lock_acquire_recursive
                0x08006aac        0x2 /opt/stm32cubeide/plugins/com.st.stm32cube.ide.mcu.externaltools.gnu-tools-for-stm32.14.3.rel1.linux64_1.0.100.202602081740/tools/bin/../lib/gcc/arm-none-eabi/14.3.1/../../../../arm-none-eabi/lib/thumb/v8-m.main+fp/hard/libc_nano.a(libc_a-lock.o)
                0x08006aac                __retarget_lock_acquire_recursive
 .text.__retarget_lock_release_recursive
                0x08006aae        0x2 /opt/stm32cubeide/plugins/com.st.stm32cube.ide.mcu.externaltools.gnu-tools-for-stm32.14.3.rel1.linux64_1.0.100.202602081740/tools/bin/../lib/gcc/arm-none-eabi/14.3.1/../../../../arm-none-eabi/lib/thumb/v8-m.main+fp/hard/libc_nano.a(libc_a-lock.o)
                0x08006aae                __retarget_lock_release_recursive
 .text._free_r  0x08006ab0       0x94 /opt/stm32cubeide/plugins/com.st.stm32cube.ide.mcu.externaltools.gnu-tools-for-stm32.14.3.rel1.linux64_1.0.100.202602081740/tools/bin/../lib/gcc/arm-none-eabi/14.3.1/../../../../arm-none-eabi/lib/thumb/v8-m.main+fp/hard/libc_nano.a(libc_a-freer.o)
                0x08006ab0                _free_r
 *(.glue_7)
 .glue_7        0x08006b44        0x0 linker stubs
 *(.glue_7t)
 .glue_7t       0x08006b44        0x0 linker stubs
 *(.eh_frame)
 .eh_frame      0x08006b44        0x0 /opt/stm32cubeide/plugins/com.st.stm32cube.ide.mcu.externaltools.gnu-tools-for-stm32.14.3.rel1.linux64_1.0.100.202602081740/tools/bin/../lib/gcc/arm-none-eabi/14.3.1/thumb/v8-m.main+fp/hard/crtbegin.o
 *(.init)
 .init          0x08006b44        0x4 /opt/stm32cubeide/plugins/com.st.stm32cube.ide.mcu.externaltools.gnu-tools-for-stm32.14.3.rel1.linux64_1.0.100.202602081740/tools/bin/../lib/gcc/arm-none-eabi/14.3.1/thumb/v8-m.main+fp/hard/crti.o
                0x08006b44                _init
 .init          0x08006b48        0x8 /opt/stm32cubeide/plugins/com.st.stm32cube.ide.mcu.externaltools.gnu-tools-for-stm32.14.3.rel1.linux64_1.0.100.202602081740/tools/bin/../lib/gcc/arm-none-eabi/14.3.1/thumb/v8-m.main+fp/hard/crtn.o
 *(.fini)
 .fini          0x08006b50        0x4 /opt/stm32cubeide/plugins/com.st.stm32cube.ide.mcu.externaltools.gnu-tools-for-stm32.14.3.rel1.linux64_1.0.100.202602081740/tools/bin/../lib/gcc/arm-none-eabi/14.3.1/thumb/v8-m.main+fp/hard/crti.o
                0x08006b50                _fini
 .fini          0x08006b54        0x8 /opt/stm32cubeide/plugins/com.st.stm32cube.ide.mcu.externaltools.gnu-tools-for-stm32.14.3.rel1.linux64_1.0.100.202602081740/tools/bin/../lib/gcc/arm-none-eabi/14.3.1/thumb/v8-m.main+fp/hard/crtn.o
                0x08006b5c                        . = ALIGN (0x4)
                0x08006b5c                        _etext = .

.vfp11_veneer   0x08006b5c        0x0
 .vfp11_veneer  0x08006b5c        0x0 linker stubs

.v4_bx          0x08006b5c        0x0
 .v4_bx         0x08006b5c        0x0 linker stubs

.iplt           0x08006b5c        0x0
 .iplt          0x08006b5c        0x0 /opt/stm32cubeide/plugins/com.st.stm32cube.ide.mcu.externaltools.gnu-tools-for-stm32.14.3.rel1.linux64_1.0.100.202602081740/tools/bin/../lib/gcc/arm-none-eabi/14.3.1/thumb/v8-m.main+fp/hard/crtbegin.o

.rodata         0x08006b5c       0x6c
                0x08006b5c                        . = ALIGN (0x4)
 *(.rodata)
 *(.rodata*)
 .rodata.pKeyAES
                0x08006b5c       0x20 ./Core/Src/main.o
 .rodata.AHBPrescTable
                0x08006b7c       0x10 ./Core/Src/system_stm32u3xx.o
                0x08006b7c                AHBPrescTable
 .rodata.APBPrescTable
                0x08006b8c        0x8 ./Core/Src/system_stm32u3xx.o
                0x08006b8c                APBPrescTable
 .rodata.UARTPrescTable
                0x08006b94       0x18 ./Drivers/STM32U3xx_HAL_Driver/Src/stm32u3xx_hal_uart.o
                0x08006b94                UARTPrescTable
 .rodata.numerator.1
                0x08006bac        0x8 ./Drivers/STM32U3xx_HAL_Driver/Src/stm32u3xx_hal_uart_ex.o
 .rodata.denominator.0
                0x08006bb4        0x8 ./Drivers/STM32U3xx_HAL_Driver/Src/stm32u3xx_hal_uart_ex.o
 .rodata._ZL7key_map
                0x08006bbc        0xc ./software/src/keypad.o
                0x08006bc8                        . = ALIGN (0x4)

.ARM.extab      0x08006bc8        0x0
                0x08006bc8                        . = ALIGN (0x4)
 *(.ARM.extab* .gnu.linkonce.armextab.*)
                0x08006bc8                        . = ALIGN (0x4)

.ARM            0x08006bc8        0x8
                0x08006bc8                        . = ALIGN (0x4)
                0x08006bc8                        __exidx_start = .
 *(.ARM.exidx*)
 .ARM.exidx     0x08006bc8        0x8 /opt/stm32cubeide/plugins/com.st.stm32cube.ide.mcu.externaltools.gnu-tools-for-stm32.14.3.rel1.linux64_1.0.100.202602081740/tools/bin/../lib/gcc/arm-none-eabi/14.3.1/thumb/v8-m.main+fp/hard/libgcc.a(_udivmoddi4.o)
                0x08006bd0                        __exidx_end = .
                0x08006bd0                        . = ALIGN (0x4)

.preinit_array  0x08006bd0        0x0
                0x08006bd0                        . = ALIGN (0x4)
                0x08006bd0                        PROVIDE (__preinit_array_start = .)
 *(.preinit_array*)
                0x08006bd0                        PROVIDE (__preinit_array_end = .)
                0x08006bd0                        . = ALIGN (0x4)

.init_array     0x08006bd0        0x8
                0x08006bd0                        . = ALIGN (0x4)
                0x08006bd0                        PROVIDE (__init_array_start = .)
 *(SORT_BY_NAME(.init_array.*))
 *(.init_array*)
 .init_array    0x08006bd0        0x4 /opt/stm32cubeide/plugins/com.st.stm32cube.ide.mcu.externaltools.gnu-tools-for-stm32.14.3.rel1.linux64_1.0.100.202602081740/tools/bin/../lib/gcc/arm-none-eabi/14.3.1/thumb/v8-m.main+fp/hard/crtbegin.o
 .init_array    0x08006bd4        0x4 ./software/src/keypad.o
                0x08006bd8                        PROVIDE (__init_array_end = .)
                0x08006bd8                        . = ALIGN (0x4)

.fini_array     0x08006bd8        0x8
                0x08006bd8                        . = ALIGN (0x4)
                [!provide]                        PROVIDE (__fini_array_start = .)
 *(SORT_BY_NAME(.fini_array.*))
 *(.fini_array*)
 .fini_array    0x08006bd8        0x4 /opt/stm32cubeide/plugins/com.st.stm32cube.ide.mcu.externaltools.gnu-tools-for-stm32.14.3.rel1.linux64_1.0.100.202602081740/tools/bin/../lib/gcc/arm-none-eabi/14.3.1/thumb/v8-m.main+fp/hard/crtbegin.o
 .fini_array    0x08006bdc        0x4 ./software/src/keypad.o
                [!provide]                        PROVIDE (__fini_array_end = .)
                0x08006be0                        . = ALIGN (0x4)
                0x08006be0                        _sidata = LOADADDR (.data)

.rel.dyn        0x08006be0        0x0
 .rel.iplt      0x08006be0        0x0 /opt/stm32cubeide/plugins/com.st.stm32cube.ide.mcu.externaltools.gnu-tools-for-stm32.14.3.rel1.linux64_1.0.100.202602081740/tools/bin/../lib/gcc/arm-none-eabi/14.3.1/thumb/v8-m.main+fp/hard/crtbegin.o

.data           0x20000000       0x5c load address 0x08006be0
                0x20000000                        . = ALIGN (0x4)
                0x20000000                        _sdata = .
 *(.data)
 *(.data*)
 .data.SystemCoreClock
                0x20000000        0x4 ./Core/Src/system_stm32u3xx.o
                0x20000000                SystemCoreClock
 .data.uwTickPrio
                0x20000004        0x4 ./Drivers/STM32U3xx_HAL_Driver/Src/stm32u3xx_hal.o
                0x20000004                uwTickPrio
 .data.uwTickFreq
                0x20000008        0x1 ./Drivers/STM32U3xx_HAL_Driver/Src/stm32u3xx_hal.o
                0x20000008                uwTickFreq
 *fill*         0x20000009        0x3 
 .data._impure_ptr
                0x2000000c        0x4 /opt/stm32cubeide/plugins/com.st.stm32cube.ide.mcu.externaltools.gnu-tools-for-stm32.14.3.rel1.linux64_1.0.100.202602081740/tools/bin/../lib/gcc/arm-none-eabi/14.3.1/../../../../arm-none-eabi/lib/thumb/v8-m.main+fp/hard/libc_nano.a(libc_a-impure.o)
                0x2000000c                _impure_ptr
 .data._impure_data
                0x20000010       0x4c /opt/stm32cubeide/plugins/com.st.stm32cube.ide.mcu.externaltools.gnu-tools-for-stm32.14.3.rel1.linux64_1.0.100.202602081740/tools/bin/../lib/gcc/arm-none-eabi/14.3.1/../../../../arm-none-eabi/lib/thumb/v8-m.main+fp/hard/libc_nano.a(libc_a-impure.o)
                0x20000010                _impure_data
 *(.RamFunc)
 *(.RamFunc*)
                0x2000005c                        . = ALIGN (0x4)
                0x2000005c                        _edata = .

.igot.plt       0x2000005c        0x0 load address 0x08006c3c
 .igot.plt      0x2000005c        0x0 /opt/stm32cubeide/plugins/com.st.stm32cube.ide.mcu.externaltools.gnu-tools-for-stm32.14.3.rel1.linux64_1.0.100.202602081740/tools/bin/../lib/gcc/arm-none-eabi/14.3.1/thumb/v8-m.main+fp/hard/crtbegin.o
                0x2000005c                        . = ALIGN (0x4)

.bss            0x2000005c      0x504 load address 0x08006c3c
                0x2000005c                        _sbss = .
                0x2000005c                        __bss_start__ = _sbss
 *(.bss)
 .bss           0x2000005c       0x1c /opt/stm32cubeide/plugins/com.st.stm32cube.ide.mcu.externaltools.gnu-tools-for-stm32.14.3.rel1.linux64_1.0.100.202602081740/tools/bin/../lib/gcc/arm-none-eabi/14.3.1/thumb/v8-m.main+fp/hard/crtbegin.o
 *(.bss*)
 .bss.hcryp     0x20000078       0x68 ./Core/Src/main.o
                0x20000078                hcryp
 .bss.hcrc      0x200000e0       0x24 ./Core/Src/main.o
                0x200000e0                hcrc
 .bss.hhash     0x20000104       0x40 ./Core/Src/main.o
                0x20000104                hhash
 .bss.hlptim2   0x20000144       0x50 ./Core/Src/main.o
                0x20000144                hlptim2
 .bss.hrng      0x20000194       0x14 ./Core/Src/main.o
                0x20000194                hrng
 .bss.hrtc      0x200001a8       0x30 ./Core/Src/main.o
                0x200001a8                hrtc
 .bss.hspi1     0x200001d8       0x90 ./Core/Src/main.o
                0x200001d8                hspi1
 .bss.hspi2     0x20000268       0x90 ./Core/Src/main.o
                0x20000268                hspi2
 .bss.htim1     0x200002f8       0x4c ./Core/Src/main.o
                0x200002f8                htim1
 .bss.huart3    0x20000344       0x94 ./Core/Src/main.o
                0x20000344                huart3
 .bss.__sbrk_heap_end
                0x200003d8        0x4 ./Core/Src/sysmem.o
 .bss.uwTick    0x200003dc        0x4 ./Drivers/STM32U3xx_HAL_Driver/Src/stm32u3xx_hal.o
                0x200003dc                uwTick
 .bss.keypad_scan
                0x200003e0       0x20 ./software/src/keypad.o
                0x200003e0                keypad_scan
 .bss.key_count
                0x20000400        0x1 ./software/src/keypad.o
                0x20000400                key_count
 *fill*         0x20000401        0x3 
 .bss.report    0x20000404        0x8 ./software/src/keypad.o
                0x20000404                report
 .bss.prev_report
                0x2000040c        0x8 ./software/src/keypad.o
                0x2000040c                prev_report
 .bss.USB_HID_update
                0x20000414        0x1 ./software/src/keypad.o
                0x20000414                USB_HID_update
 *fill*         0x20000415        0x3 
 .bss.__malloc_sbrk_start
                0x20000418        0x4 /opt/stm32cubeide/plugins/com.st.stm32cube.ide.mcu.externaltools.gnu-tools-for-stm32.14.3.rel1.linux64_1.0.100.202602081740/tools/bin/../lib/gcc/arm-none-eabi/14.3.1/../../../../arm-none-eabi/lib/thumb/v8-m.main+fp/hard/libc_nano.a(libc_a-mallocr.o)
                0x20000418                __malloc_sbrk_start
 .bss.__malloc_free_list
                0x2000041c        0x4 /opt/stm32cubeide/plugins/com.st.stm32cube.ide.mcu.externaltools.gnu-tools-for-stm32.14.3.rel1.linux64_1.0.100.202602081740/tools/bin/../lib/gcc/arm-none-eabi/14.3.1/../../../../arm-none-eabi/lib/thumb/v8-m.main+fp/hard/libc_nano.a(libc_a-mallocr.o)
                0x2000041c                __malloc_free_list
 .bss.__sf      0x20000420      0x138 /opt/stm32cubeide/plugins/com.st.stm32cube.ide.mcu.externaltools.gnu-tools-for-stm32.14.3.rel1.linux64_1.0.100.202602081740/tools/bin/../lib/gcc/arm-none-eabi/14.3.1/../../../../arm-none-eabi/lib/thumb/v8-m.main+fp/hard/libc_nano.a(libc_a-findfp.o)
                0x20000420                __sf
 .bss.errno     0x20000558        0x4 /opt/stm32cubeide/plugins/com.st.stm32cube.ide.mcu.externaltools.gnu-tools-for-stm32.14.3.rel1.linux64_1.0.100.202602081740/tools/bin/../lib/gcc/arm-none-eabi/14.3.1/../../../../arm-none-eabi/lib/thumb/v8-m.main+fp/hard/libc_nano.a(libc_a-reent.o)
                0x20000558                errno
 .bss.__lock___malloc_recursive_mutex
                0x2000055c        0x1 /opt/stm32cubeide/plugins/com.st.stm32cube.ide.mcu.externaltools.gnu-tools-for-stm32.14.3.rel1.linux64_1.0.100.202602081740/tools/bin/../lib/gcc/arm-none-eabi/14.3.1/../../../../arm-none-eabi/lib/thumb/v8-m.main+fp/hard/libc_nano.a(libc_a-lock.o)
                0x2000055c                __lock___malloc_recursive_mutex
 *(COMMON)
                0x20000560                        . = ALIGN (0x4)
 *fill*         0x2000055d        0x3 
                0x20000560                        _ebss = .
                0x20000560                        __bss_end__ = _ebss

._user_heap_stack
                0x20000560     0x3000 load address 0x08006c3c
                0x20000560                        . = ALIGN (0x8)
                [!provide]                        PROVIDE (end = .)
                0x20000560                        PROVIDE (_end = .)
                0x20001560                        . = (. + _Min_Heap_Size)
 *fill*         0x20000560     0x1000 
                0x20003560                        . = (. + _Min_Stack_Size)
 *fill*         0x20001560     0x2000 
                0x20003560                        . = ALIGN (0x8)

/DISCARD/
 libc.a(*)
 libm.a(*)
 libgcc.a(*)

.ARM.attributes
                0x00000000       0x36
 *(.ARM.attributes)
 .ARM.attributes
                0x00000000       0x26 /opt/stm32cubeide/plugins/com.st.stm32cube.ide.mcu.externaltools.gnu-tools-for-stm32.14.3.rel1.linux64_1.0.100.202602081740/tools/bin/../lib/gcc/arm-none-eabi/14.3.1/thumb/v8-m.main+fp/hard/crti.o
 .ARM.attributes
                0x00000026       0x38 /opt/stm32cubeide/plugins/com.st.stm32cube.ide.mcu.externaltools.gnu-tools-for-stm32.14.3.rel1.linux64_1.0.100.202602081740/tools/bin/../lib/gcc/arm-none-eabi/14.3.1/thumb/v8-m.main+fp/hard/crtbegin.o
 .ARM.attributes
                0x0000005e       0x3a ./Core/Src/main.o
 .ARM.attributes
                0x00000098       0x3a ./Core/Src/stm32u3xx_hal_msp.o
 .ARM.attributes
                0x000000d2       0x3a ./Core/Src/stm32u3xx_it.o
 .ARM.attributes
                0x0000010c       0x3a ./Core/Src/sysmem.o
 .ARM.attributes
                0x00000146       0x3a ./Core/Src/system_stm32u3xx.o
 .ARM.attributes
                0x00000180       0x24 ./Core/Startup/startup_stm32u385vgix.o
 .ARM.attributes
                0x000001a4       0x3a ./Drivers/STM32U3xx_HAL_Driver/Src/stm32u3xx_hal.o
 .ARM.attributes
                0x000001de       0x3a ./Drivers/STM32U3xx_HAL_Driver/Src/stm32u3xx_hal_cortex.o
 .ARM.attributes
                0x00000218       0x3a ./Drivers/STM32U3xx_HAL_Driver/Src/stm32u3xx_hal_crc.o
 .ARM.attributes
                0x00000252       0x3a ./Drivers/STM32U3xx_HAL_Driver/Src/stm32u3xx_hal_crc_ex.o
 .ARM.attributes
                0x0000028c       0x3a ./Drivers/STM32U3xx_HAL_Driver/Src/stm32u3xx_hal_cryp.o
 .ARM.attributes
                0x000002c6       0x3a ./Drivers/STM32U3xx_HAL_Driver/Src/stm32u3xx_hal_gpio.o
 .ARM.attributes
                0x00000300       0x3a ./Drivers/STM32U3xx_HAL_Driver/Src/stm32u3xx_hal_hash.o
 .ARM.attributes
                0x0000033a       0x3a ./Drivers/STM32U3xx_HAL_Driver/Src/stm32u3xx_hal_lptim.o
 .ARM.attributes
                0x00000374       0x3a ./Drivers/STM32U3xx_HAL_Driver/Src/stm32u3xx_hal_pwr.o
 .ARM.attributes
                0x000003ae       0x3a ./Drivers/STM32U3xx_HAL_Driver/Src/stm32u3xx_hal_pwr_ex.o
 .ARM.attributes
                0x000003e8       0x3a ./Drivers/STM32U3xx_HAL_Driver/Src/stm32u3xx_hal_rcc.o
 .ARM.attributes
                0x00000422       0x3a ./Drivers/STM32U3xx_HAL_Driver/Src/stm32u3xx_hal_rcc_ex.o
 .ARM.attributes
                0x0000045c       0x3a ./Drivers/STM32U3xx_HAL_Driver/Src/stm32u3xx_hal_rng.o
 .ARM.attributes
                0x00000496       0x3a ./Drivers/STM32U3xx_HAL_Driver/Src/stm32u3xx_hal_rtc.o
 .ARM.attributes
                0x000004d0       0x3a ./Drivers/STM32U3xx_HAL_Driver/Src/stm32u3xx_hal_rtc_ex.o
 .ARM.attributes
                0x0000050a       0x3a ./Drivers/STM32U3xx_HAL_Driver/Src/stm32u3xx_hal_spi.o
 .ARM.attributes
                0x00000544       0x3a ./Drivers/STM32U3xx_HAL_Driver/Src/stm32u3xx_hal_spi_ex.o
 .ARM.attributes
                0x0000057e       0x3a ./Drivers/STM32U3xx_HAL_Driver/Src/stm32u3xx_hal_tim.o
 .ARM.attributes
                0x000005b8       0x3a ./Drivers/STM32U3xx_HAL_Driver/Src/stm32u3xx_hal_tim_ex.o
 .ARM.attributes
                0x000005f2       0x3a ./Drivers/STM32U3xx_HAL_Driver/Src/stm32u3xx_hal_uart.o
 .ARM.attributes
                0x0000062c       0x3a ./Drivers/STM32U3xx_HAL_Driver/Src/stm32u3xx_hal_uart_ex.o
 .ARM.attributes
                0x00000666       0x3a ./software/src/PAL.o
 .ARM.attributes
                0x000006a0       0x3a ./software/src/keypad.o
 .ARM.attributes
                0x000006da       0x3a ./software/src/keys.o
 .ARM.attributes
                0x00000714       0x38 /opt/stm32cubeide/plugins/com.st.stm32cube.ide.mcu.externaltools.gnu-tools-for-stm32.14.3.rel1.linux64_1.0.100.202602081740/tools/bin/../lib/gcc/arm-none-eabi/14.3.1/../../../../arm-none-eabi/lib/thumb/v8-m.main+fp/hard/libc_nano.a(libc_a-malloc.o)
 .ARM.attributes
                0x0000074c       0x38 /opt/stm32cubeide/plugins/com.st.stm32cube.ide.mcu.externaltools.gnu-tools-for-stm32.14.3.rel1.linux64_1.0.100.202602081740/tools/bin/../lib/gcc/arm-none-eabi/14.3.1/../../../../arm-none-eabi/lib/thumb/v8-m.main+fp/hard/libc_nano.a(libc_a-mallocr.o)
 .ARM.attributes
                0x00000784       0x38 /opt/stm32cubeide/plugins/com.st.stm32cube.ide.mcu.externaltools.gnu-tools-for-stm32.14.3.rel1.linux64_1.0.100.202602081740/tools/bin/../lib/gcc/arm-none-eabi/14.3.1/../../../../arm-none-eabi/lib/thumb/v8-m.main+fp/hard/libc_nano.a(libc_a-mlock.o)
 .ARM.attributes
                0x000007bc       0x38 /opt/stm32cubeide/plugins/com.st.stm32cube.ide.mcu.externaltools.gnu-tools-for-stm32.14.3.rel1.linux64_1.0.100.202602081740/tools/bin/../lib/gcc/arm-none-eabi/14.3.1/../../../../arm-none-eabi/lib/thumb/v8-m.main+fp/hard/libc_nano.a(libc_a-findfp.o)
 .ARM.attributes
                0x000007f4       0x38 /opt/stm32cubeide/plugins/com.st.stm32cube.ide.mcu.externaltools.gnu-tools-for-stm32.14.3.rel1.linux64_1.0.100.202602081740/tools/bin/../lib/gcc/arm-none-eabi/14.3.1/../../../../arm-none-eabi/lib/thumb/v8-m.main+fp/hard/libc_nano.a(libc_a-memset.o)
 .ARM.attributes
                0x0000082c       0x38 /opt/stm32cubeide/plugins/com.st.stm32cube.ide.mcu.externaltools.gnu-tools-for-stm32.14.3.rel1.linux64_1.0.100.202602081740/tools/bin/../lib/gcc/arm-none-eabi/14.3.1/../../../../arm-none-eabi/lib/thumb/v8-m.main+fp/hard/libc_nano.a(libc_a-reent.o)
 .ARM.attributes
                0x00000864       0x38 /opt/stm32cubeide/plugins/com.st.stm32cube.ide.mcu.externaltools.gnu-tools-for-stm32.14.3.rel1.linux64_1.0.100.202602081740/tools/bin/../lib/gcc/arm-none-eabi/14.3.1/../../../../arm-none-eabi/lib/thumb/v8-m.main+fp/hard/libc_nano.a(libc_a-impure.o)
 .ARM.attributes
                0x0000089c       0x38 /opt/stm32cubeide/plugins/com.st.stm32cube.ide.mcu.externaltools.gnu-tools-for-stm32.14.3.rel1.linux64_1.0.100.202602081740/tools/bin/../lib/gcc/arm-none-eabi/14.3.1/../../../../arm-none-eabi/lib/thumb/v8-m.main+fp/hard/libc_nano.a(libc_a-sbrkr.o)
 .ARM.attributes
                0x000008d4       0x38 /opt/stm32cubeide/plugins/com.st.stm32cube.ide.mcu.externaltools.gnu-tools-for-stm32.14.3.rel1.linux64_1.0.100.202602081740/tools/bin/../lib/gcc/arm-none-eabi/14.3.1/../../../../arm-none-eabi/lib/thumb/v8-m.main+fp/hard/libc_nano.a(libc_a-errno.o)
 .ARM.attributes
                0x0000090c       0x38 /opt/stm32cubeide/plugins/com.st.stm32cube.ide.mcu.externaltools.gnu-tools-for-stm32.14.3.rel1.linux64_1.0.100.202602081740/tools/bin/../lib/gcc/arm-none-eabi/14.3.1/../../../../arm-none-eabi/lib/thumb/v8-m.main+fp/hard/libc_nano.a(libc_a-init.o)
 .ARM.attributes
                0x00000944       0x38 /opt/stm32cubeide/plugins/com.st.stm32cube.ide.mcu.externaltools.gnu-tools-for-stm32.14.3.rel1.linux64_1.0.100.202602081740/tools/bin/../lib/gcc/arm-none-eabi/14.3.1/../../../../arm-none-eabi/lib/thumb/v8-m.main+fp/hard/libc_nano.a(libc_a-lock.o)
 .ARM.attributes
                0x0000097c       0x38 /opt/stm32cubeide/plugins/com.st.stm32cube.ide.mcu.externaltools.gnu-tools-for-stm32.14.3.rel1.linux64_1.0.100.202602081740/tools/bin/../lib/gcc/arm-none-eabi/14.3.1/../../../../arm-none-eabi/lib/thumb/v8-m.main+fp/hard/libc_nano.a(libc_a-freer.o)
 .ARM.attributes
                0x000009b4       0x26 /opt/stm32cubeide/plugins/com.st.stm32cube.ide.mcu.externaltools.gnu-tools-for-stm32.14.3.rel1.linux64_1.0.100.202602081740/tools/bin/../lib/gcc/arm-none-eabi/14.3.1/thumb/v8-m.main+fp/hard/libgcc.a(_aeabi_uldivmod.o)
 .ARM.attributes
                0x000009da       0x38 /opt/stm32cubeide/plugins/com.st.stm32cube.ide.mcu.externaltools.gnu-tools-for-stm32.14.3.rel1.linux64_1.0.100.202602081740/tools/bin/../lib/gcc/arm-none-eabi/14.3.1/thumb/v8-m.main+fp/hard/libgcc.a(_popcountsi2.o)
 .ARM.attributes
                0x00000a12       0x38 /opt/stm32cubeide/plugins/com.st.stm32cube.ide.mcu.externaltools.gnu-tools-for-stm32.14.3.rel1.linux64_1.0.100.202602081740/tools/bin/../lib/gcc/arm-none-eabi/14.3.1/thumb/v8-m.main+fp/hard/libgcc.a(_udivmoddi4.o)
 .ARM.attributes
                0x00000a4a       0x26 /opt/stm32cubeide/plugins/com.st.stm32cube.ide.mcu.externaltools.gnu-tools-for-stm32.14.3.rel1.linux64_1.0.100.202602081740/tools/bin/../lib/gcc/arm-none-eabi/14.3.1/thumb/v8-m.main+fp/hard/libgcc.a(_dvmd_tls.o)
 .ARM.attributes
                0x00000a70       0x26 /opt/stm32cubeide/plugins/com.st.stm32cube.ide.mcu.externaltools.gnu-tools-for-stm32.14.3.rel1.linux64_1.0.100.202602081740/tools/bin/../lib/gcc/arm-none-eabi/14.3.1/thumb/v8-m.main+fp/hard/crtn.o
OUTPUT(Keypad_project.elf elf32-littlearm)
LOAD linker stubs
LOAD /opt/stm32cubeide/plugins/com.st.stm32cube.ide.mcu.externaltools.gnu-tools-for-stm32.14.3.rel1.linux64_1.0.100.202602081740/tools/bin/../lib/gcc/arm-none-eabi/14.3.1/../../../../arm-none-eabi/lib/thumb/v8-m.main+fp/hard/libc.a
LOAD /opt/stm32cubeide/plugins/com.st.stm32cube.ide.mcu.externaltools.gnu-tools-for-stm32.14.3.rel1.linux64_1.0.100.202602081740/tools/bin/../lib/gcc/arm-none-eabi/14.3.1/../../../../arm-none-eabi/lib/thumb/v8-m.main+fp/hard/libm.a
LOAD /opt/stm32cubeide/plugins/com.st.stm32cube.ide.mcu.externaltools.gnu-tools-for-stm32.14.3.rel1.linux64_1.0.100.202602081740/tools/bin/../lib/gcc/arm-none-eabi/14.3.1/thumb/v8-m.main+fp/hard/libgcc.a

.debug_info     0x00000000    0x2a499
 .debug_info    0x00000000     0x387b ./Core/Src/main.o
 .debug_info    0x0000387b     0x32b6 ./Core/Src/stm32u3xx_hal_msp.o
 .debug_info    0x00006b31     0x132e ./Core/Src/stm32u3xx_it.o
 .debug_info    0x00007e5f      0x168 ./Core/Src/sysmem.o
 .debug_info    0x00007fc7      0x960 ./Core/Src/system_stm32u3xx.o
 .debug_info    0x00008927       0x30 ./Core/Startup/startup_stm32u385vgix.o
 .debug_info    0x00008957     0x156a ./Drivers/STM32U3xx_HAL_Driver/Src/stm32u3xx_hal.o
 .debug_info    0x00009ec1     0x1653 ./Drivers/STM32U3xx_HAL_Driver/Src/stm32u3xx_hal_cortex.o
 .debug_info    0x0000b514      0x937 ./Drivers/STM32U3xx_HAL_Driver/Src/stm32u3xx_hal_crc.o
 .debug_info    0x0000be4b      0x74a ./Drivers/STM32U3xx_HAL_Driver/Src/stm32u3xx_hal_crc_ex.o
 .debug_info    0x0000c595     0x24ad ./Drivers/STM32U3xx_HAL_Driver/Src/stm32u3xx_hal_cryp.o
 .debug_info    0x0000ea42      0xa8c ./Drivers/STM32U3xx_HAL_Driver/Src/stm32u3xx_hal_gpio.o
 .debug_info    0x0000f4ce     0x1bfd ./Drivers/STM32U3xx_HAL_Driver/Src/stm32u3xx_hal_hash.o
 .debug_info    0x000110cb     0x1cd8 ./Drivers/STM32U3xx_HAL_Driver/Src/stm32u3xx_hal_lptim.o
 .debug_info    0x00012da3     0x127b ./Drivers/STM32U3xx_HAL_Driver/Src/stm32u3xx_hal_pwr.o
 .debug_info    0x0001401e      0xf66 ./Drivers/STM32U3xx_HAL_Driver/Src/stm32u3xx_hal_pwr_ex.o
 .debug_info    0x00014f84     0x1125 ./Drivers/STM32U3xx_HAL_Driver/Src/stm32u3xx_hal_rcc.o
 .debug_info    0x000160a9      0xfa0 ./Drivers/STM32U3xx_HAL_Driver/Src/stm32u3xx_hal_rcc_ex.o
 .debug_info    0x00017049      0x953 ./Drivers/STM32U3xx_HAL_Driver/Src/stm32u3xx_hal_rng.o
 .debug_info    0x0001799c     0x1233 ./Drivers/STM32U3xx_HAL_Driver/Src/stm32u3xx_hal_rtc.o
 .debug_info    0x00018bcf     0x1bad ./Drivers/STM32U3xx_HAL_Driver/Src/stm32u3xx_hal_rtc_ex.o
 .debug_info    0x0001a77c     0x19ad ./Drivers/STM32U3xx_HAL_Driver/Src/stm32u3xx_hal_spi.o
 .debug_info    0x0001c129      0xe88 ./Drivers/STM32U3xx_HAL_Driver/Src/stm32u3xx_hal_spi_ex.o
 .debug_info    0x0001cfb1     0x32cc ./Drivers/STM32U3xx_HAL_Driver/Src/stm32u3xx_hal_tim.o
 .debug_info    0x0002027d     0x2376 ./Drivers/STM32U3xx_HAL_Driver/Src/stm32u3xx_hal_tim_ex.o
 .debug_info    0x000225f3     0x4a04 ./Drivers/STM32U3xx_HAL_Driver/Src/stm32u3xx_hal_uart.o
 .debug_info    0x00026ff7     0x164f ./Drivers/STM32U3xx_HAL_Driver/Src/stm32u3xx_hal_uart_ex.o
 .debug_info    0x00028646     0x1056 ./software/src/PAL.o
 .debug_info    0x0002969c      0x65b ./software/src/keypad.o
 .debug_info    0x00029cf7      0x7a2 ./software/src/keys.o

.debug_abbrev   0x00000000     0x486c
 .debug_abbrev  0x00000000      0x366 ./Core/Src/main.o
 .debug_abbrev  0x00000366      0x2ad ./Core/Src/stm32u3xx_hal_msp.o
 .debug_abbrev  0x00000613      0x25b ./Core/Src/stm32u3xx_it.o
 .debug_abbrev  0x0000086e       0xbc ./Core/Src/sysmem.o
 .debug_abbrev  0x0000092a      0x142 ./Core/Src/system_stm32u3xx.o
 .debug_abbrev  0x00000a6c       0x24 ./Core/Startup/startup_stm32u385vgix.o
 .debug_abbrev  0x00000a90      0x34d ./Drivers/STM32U3xx_HAL_Driver/Src/stm32u3xx_hal.o
 .debug_abbrev  0x00000ddd      0x325 ./Drivers/STM32U3xx_HAL_Driver/Src/stm32u3xx_hal_cortex.o
 .debug_abbrev  0x00001102      0x246 ./Drivers/STM32U3xx_HAL_Driver/Src/stm32u3xx_hal_crc.o
 .debug_abbrev  0x00001348      0x19f ./Drivers/STM32U3xx_HAL_Driver/Src/stm32u3xx_hal_crc_ex.o
 .debug_abbrev  0x000014e7      0x379 ./Drivers/STM32U3xx_HAL_Driver/Src/stm32u3xx_hal_cryp.o
 .debug_abbrev  0x00001860      0x1fb ./Drivers/STM32U3xx_HAL_Driver/Src/stm32u3xx_hal_gpio.o
 .debug_abbrev  0x00001a5b      0x2fd ./Drivers/STM32U3xx_HAL_Driver/Src/stm32u3xx_hal_hash.o
 .debug_abbrev  0x00001d58      0x2d6 ./Drivers/STM32U3xx_HAL_Driver/Src/stm32u3xx_hal_lptim.o
 .debug_abbrev  0x0000202e      0x25c ./Drivers/STM32U3xx_HAL_Driver/Src/stm32u3xx_hal_pwr.o
 .debug_abbrev  0x0000228a      0x20f ./Drivers/STM32U3xx_HAL_Driver/Src/stm32u3xx_hal_pwr_ex.o
 .debug_abbrev  0x00002499      0x2c8 ./Drivers/STM32U3xx_HAL_Driver/Src/stm32u3xx_hal_rcc.o
 .debug_abbrev  0x00002761      0x24a ./Drivers/STM32U3xx_HAL_Driver/Src/stm32u3xx_hal_rcc_ex.o
 .debug_abbrev  0x000029ab      0x214 ./Drivers/STM32U3xx_HAL_Driver/Src/stm32u3xx_hal_rng.o
 .debug_abbrev  0x00002bbf      0x23b ./Drivers/STM32U3xx_HAL_Driver/Src/stm32u3xx_hal_rtc.o
 .debug_abbrev  0x00002dfa      0x241 ./Drivers/STM32U3xx_HAL_Driver/Src/stm32u3xx_hal_rtc_ex.o
 .debug_abbrev  0x0000303b      0x2e4 ./Drivers/STM32U3xx_HAL_Driver/Src/stm32u3xx_hal_spi.o
 .debug_abbrev  0x0000331f      0x1f9 ./Drivers/STM32U3xx_HAL_Driver/Src/stm32u3xx_hal_spi_ex.o
 .debug_abbrev  0x00003518      0x2d4 ./Drivers/STM32U3xx_HAL_Driver/Src/stm32u3xx_hal_tim.o
 .debug_abbrev  0x000037ec      0x2cd ./Drivers/STM32U3xx_HAL_Driver/Src/stm32u3xx_hal_tim_ex.o
 .debug_abbrev  0x00003ab9      0x349 ./Drivers/STM32U3xx_HAL_Driver/Src/stm32u3xx_hal_uart.o
 .debug_abbrev  0x00003e02      0x307 ./Drivers/STM32U3xx_HAL_Driver/Src/stm32u3xx_hal_uart_ex.o
 .debug_abbrev  0x00004109      0x241 ./software/src/PAL.o
 .debug_abbrev  0x0000434a      0x2ad ./software/src/keypad.o
 .debug_abbrev  0x000045f7      0x275 ./software/src/keys.o

.debug_aranges  0x00000000     0x1fd0
 .debug_aranges
                0x00000000       0xa0 ./Core/Src/main.o
 .debug_aranges
                0x000000a0       0xc0 ./Core/Src/stm32u3xx_hal_msp.o
 .debug_aranges
                0x00000160       0x78 ./Core/Src/stm32u3xx_it.o
 .debug_aranges
                0x000001d8       0x20 ./Core/Src/sysmem.o
 .debug_aranges
                0x000001f8       0x28 ./Core/Src/system_stm32u3xx.o
 .debug_aranges
                0x00000220       0x28 ./Core/Startup/startup_stm32u385vgix.o
 .debug_aranges
                0x00000248      0x168 ./Drivers/STM32U3xx_HAL_Driver/Src/stm32u3xx_hal.o
 .debug_aranges
                0x000003b0      0x148 ./Drivers/STM32U3xx_HAL_Driver/Src/stm32u3xx_hal_cortex.o
 .debug_aranges
                0x000004f8       0x60 ./Drivers/STM32U3xx_HAL_Driver/Src/stm32u3xx_hal_crc.o
 .debug_aranges
                0x00000558       0x30 ./Drivers/STM32U3xx_HAL_Driver/Src/stm32u3xx_hal_crc_ex.o
 .debug_aranges
                0x00000588      0x200 ./Drivers/STM32U3xx_HAL_Driver/Src/stm32u3xx_hal_cryp.o
 .debug_aranges
                0x00000788       0x80 ./Drivers/STM32U3xx_HAL_Driver/Src/stm32u3xx_hal_gpio.o
 .debug_aranges
                0x00000808      0x118 ./Drivers/STM32U3xx_HAL_Driver/Src/stm32u3xx_hal_hash.o
 .debug_aranges
                0x00000920      0x250 ./Drivers/STM32U3xx_HAL_Driver/Src/stm32u3xx_hal_lptim.o
 .debug_aranges
                0x00000b70      0x1a0 ./Drivers/STM32U3xx_HAL_Driver/Src/stm32u3xx_hal_pwr.o
 .debug_aranges
                0x00000d10      0x138 ./Drivers/STM32U3xx_HAL_Driver/Src/stm32u3xx_hal_pwr_ex.o
 .debug_aranges
                0x00000e48       0xb0 ./Drivers/STM32U3xx_HAL_Driver/Src/stm32u3xx_hal_rcc.o
 .debug_aranges
                0x00000ef8       0xe8 ./Drivers/STM32U3xx_HAL_Driver/Src/stm32u3xx_hal_rcc_ex.o
 .debug_aranges
                0x00000fe0       0x80 ./Drivers/STM32U3xx_HAL_Driver/Src/stm32u3xx_hal_rng.o
 .debug_aranges
                0x00001060       0xe8 ./Drivers/STM32U3xx_HAL_Driver/Src/stm32u3xx_hal_rtc.o
 .debug_aranges
                0x00001148      0x230 ./Drivers/STM32U3xx_HAL_Driver/Src/stm32u3xx_hal_rtc_ex.o
 .debug_aranges
                0x00001378      0x1a8 ./Drivers/STM32U3xx_HAL_Driver/Src/stm32u3xx_hal_spi.o
 .debug_aranges
                0x00001520       0x48 ./Drivers/STM32U3xx_HAL_Driver/Src/stm32u3xx_hal_spi_ex.o
 .debug_aranges
                0x00001568      0x3e8 ./Drivers/STM32U3xx_HAL_Driver/Src/stm32u3xx_hal_tim.o
 .debug_aranges
                0x00001950      0x250 ./Drivers/STM32U3xx_HAL_Driver/Src/stm32u3xx_hal_tim_ex.o
 .debug_aranges
                0x00001ba0      0x248 ./Drivers/STM32U3xx_HAL_Driver/Src/stm32u3xx_hal_uart.o
 .debug_aranges
                0x00001de8       0xb8 ./Drivers/STM32U3xx_HAL_Driver/Src/stm32u3xx_hal_uart_ex.o
 .debug_aranges
                0x00001ea0       0x50 ./software/src/PAL.o
 .debug_aranges
                0x00001ef0       0x60 ./software/src/keypad.o
 .debug_aranges
                0x00001f50       0x80 ./software/src/keys.o

.debug_rnglists
                0x00000000     0x18b7
 .debug_rnglists
                0x00000000       0x7b ./Core/Src/main.o
 .debug_rnglists
                0x0000007b       0x90 ./Core/Src/stm32u3xx_hal_msp.o
 .debug_rnglists
                0x0000010b       0x55 ./Core/Src/stm32u3xx_it.o
 .debug_rnglists
                0x00000160       0x13 ./Core/Src/sysmem.o
 .debug_rnglists
                0x00000173       0x1a ./Core/Src/system_stm32u3xx.o
 .debug_rnglists
                0x0000018d       0x19 ./Core/Startup/startup_stm32u385vgix.o
 .debug_rnglists
                0x000001a6      0x10c ./Drivers/STM32U3xx_HAL_Driver/Src/stm32u3xx_hal.o
 .debug_rnglists
                0x000002b2       0xf2 ./Drivers/STM32U3xx_HAL_Driver/Src/stm32u3xx_hal_cortex.o
 .debug_rnglists
                0x000003a4       0x47 ./Drivers/STM32U3xx_HAL_Driver/Src/stm32u3xx_hal_crc.o
 .debug_rnglists
                0x000003eb       0x20 ./Drivers/STM32U3xx_HAL_Driver/Src/stm32u3xx_hal_crc_ex.o
 .debug_rnglists
                0x0000040b      0x1a2 ./Drivers/STM32U3xx_HAL_Driver/Src/stm32u3xx_hal_cryp.o
 .debug_rnglists
                0x000005ad       0x5d ./Drivers/STM32U3xx_HAL_Driver/Src/stm32u3xx_hal_gpio.o
 .debug_rnglists
                0x0000060a       0xe3 ./Drivers/STM32U3xx_HAL_Driver/Src/stm32u3xx_hal_hash.o
 .debug_rnglists
                0x000006ed      0x1d6 ./Drivers/STM32U3xx_HAL_Driver/Src/stm32u3xx_hal_lptim.o
 .debug_rnglists
                0x000008c3      0x138 ./Drivers/STM32U3xx_HAL_Driver/Src/stm32u3xx_hal_pwr.o
 .debug_rnglists
                0x000009fb       0xea ./Drivers/STM32U3xx_HAL_Driver/Src/stm32u3xx_hal_pwr_ex.o
 .debug_rnglists
                0x00000ae5       0x85 ./Drivers/STM32U3xx_HAL_Driver/Src/stm32u3xx_hal_rcc.o
 .debug_rnglists
                0x00000b6a       0xb2 ./Drivers/STM32U3xx_HAL_Driver/Src/stm32u3xx_hal_rcc_ex.o
 .debug_rnglists
                0x00000c1c       0x60 ./Drivers/STM32U3xx_HAL_Driver/Src/stm32u3xx_hal_rng.o
 .debug_rnglists
                0x00000c7c       0xb3 ./Drivers/STM32U3xx_HAL_Driver/Src/stm32u3xx_hal_rtc.o
 .debug_rnglists
                0x00000d2f      0x1ab ./Drivers/STM32U3xx_HAL_Driver/Src/stm32u3xx_hal_rtc_ex.o
 .debug_rnglists
                0x00000eda      0x148 ./Drivers/STM32U3xx_HAL_Driver/Src/stm32u3xx_hal_spi.o
 .debug_rnglists
                0x00001022       0x34 ./Drivers/STM32U3xx_HAL_Driver/Src/stm32u3xx_hal_spi_ex.o
 .debug_rnglists
                0x00001056      0x32e ./Drivers/STM32U3xx_HAL_Driver/Src/stm32u3xx_hal_tim.o
 .debug_rnglists
                0x00001384      0x1d7 ./Drivers/STM32U3xx_HAL_Driver/Src/stm32u3xx_hal_tim_ex.o
 .debug_rnglists
                0x0000155b      0x1f7 ./Drivers/STM32U3xx_HAL_Driver/Src/stm32u3xx_hal_uart.o
 .debug_rnglists
                0x00001752       0x8c ./Drivers/STM32U3xx_HAL_Driver/Src/stm32u3xx_hal_uart_ex.o
 .debug_rnglists
                0x000017de       0x37 ./software/src/PAL.o
 .debug_rnglists
                0x00001815       0x44 ./software/src/keypad.o
 .debug_rnglists
                0x00001859       0x5e ./software/src/keys.o

.debug_macro    0x00000000    0x36a5a
 .debug_macro   0x00000000      0x3c7 ./Core/Src/main.o
 .debug_macro   0x000003c7      0xade ./Core/Src/main.o
 .debug_macro   0x00000ea5      0x207 ./Core/Src/main.o
 .debug_macro   0x000010ac       0x2e ./Core/Src/main.o
 .debug_macro   0x000010da       0x42 ./Core/Src/main.o
 .debug_macro   0x0000111c       0x22 ./Core/Src/main.o
 .debug_macro   0x0000113e       0x8e ./Core/Src/main.o
 .debug_macro   0x000011cc       0x51 ./Core/Src/main.o
 .debug_macro   0x0000121d      0x103 ./Core/Src/main.o
 .debug_macro   0x00001320       0x6a ./Core/Src/main.o
 .debug_macro   0x0000138a      0x1df ./Core/Src/main.o
 .debug_macro   0x00001569       0x1c ./Core/Src/main.o
 .debug_macro   0x00001585       0x29 ./Core/Src/main.o
 .debug_macro   0x000015ae       0xfb ./Core/Src/main.o
 .debug_macro   0x000016a9     0x1685 ./Core/Src/main.o
 .debug_macro   0x00002d2e       0x5e ./Core/Src/main.o
 .debug_macro   0x00002d8c    0x1e41a ./Core/Src/main.o
 .debug_macro   0x000211a6       0x6d ./Core/Src/main.o
 .debug_macro   0x00021213     0x3432 ./Core/Src/main.o
 .debug_macro   0x00024645      0x190 ./Core/Src/main.o
 .debug_macro   0x000247d5       0x61 ./Core/Src/main.o
 .debug_macro   0x00024836       0x2a ./Core/Src/main.o
 .debug_macro   0x00024860       0x43 ./Core/Src/main.o
 .debug_macro   0x000248a3       0x34 ./Core/Src/main.o
 .debug_macro   0x000248d7      0x364 ./Core/Src/main.o
 .debug_macro   0x00024c3b       0x16 ./Core/Src/main.o
 .debug_macro   0x00024c51       0x4a ./Core/Src/main.o
 .debug_macro   0x00024c9b       0x34 ./Core/Src/main.o
 .debug_macro   0x00024ccf       0x10 ./Core/Src/main.o
 .debug_macro   0x00024cdf       0x58 ./Core/Src/main.o
 .debug_macro   0x00024d37       0x8e ./Core/Src/main.o
 .debug_macro   0x00024dc5       0x1c ./Core/Src/main.o
 .debug_macro   0x00024de1      0x17e ./Core/Src/main.o
 .debug_macro   0x00024f5f      0x19b ./Core/Src/main.o
 .debug_macro   0x000250fa       0x5d ./Core/Src/main.o
 .debug_macro   0x00025157      0x929 ./Core/Src/main.o
 .debug_macro   0x00025a80     0x1788 ./Core/Src/main.o
 .debug_macro   0x00027208      0x837 ./Core/Src/main.o
 .debug_macro   0x00027a3f      0x1dd ./Core/Src/main.o
 .debug_macro   0x00027c1c      0x1e0 ./Core/Src/main.o
 .debug_macro   0x00027dfc      0x47f ./Core/Src/main.o
 .debug_macro   0x0002827b      0x313 ./Core/Src/main.o
 .debug_macro   0x0002858e       0xd6 ./Core/Src/main.o
 .debug_macro   0x00028664      0x1d5 ./Core/Src/main.o
 .debug_macro   0x00028839       0xc7 ./Core/Src/main.o
 .debug_macro   0x00028900       0x90 ./Core/Src/main.o
 .debug_macro   0x00028990       0xf0 ./Core/Src/main.o
 .debug_macro   0x00028a80      0x1d9 ./Core/Src/main.o
 .debug_macro   0x00028c59       0x2e ./Core/Src/main.o
 .debug_macro   0x00028c87      0x1b0 ./Core/Src/main.o
 .debug_macro   0x00028e37      0x44e ./Core/Src/main.o
 .debug_macro   0x00029285       0xda ./Core/Src/main.o
 .debug_macro   0x0002935f      0x123 ./Core/Src/main.o
 .debug_macro   0x00029482      0x114 ./Core/Src/main.o
 .debug_macro   0x00029596      0x37c ./Core/Src/main.o
 .debug_macro   0x00029912      0x409 ./Core/Src/main.o
 .debug_macro   0x00029d1b      0xa0c ./Core/Src/main.o
 .debug_macro   0x0002a727      0x296 ./Core/Src/main.o
 .debug_macro   0x0002a9bd       0x28 ./Core/Src/main.o
 .debug_macro   0x0002a9e5       0x12 ./Core/Src/main.o
 .debug_macro   0x0002a9f7      0x511 ./Core/Src/main.o
 .debug_macro   0x0002af08      0x23e ./Core/Src/main.o
 .debug_macro   0x0002b146       0xab ./Core/Src/main.o
 .debug_macro   0x0002b1f1       0xbc ./Core/Src/main.o
 .debug_macro   0x0002b2ad       0x19 ./Core/Src/main.o
 .debug_macro   0x0002b2c6      0x321 ./Core/Src/main.o
 .debug_macro   0x0002b5e7      0x845 ./Core/Src/main.o
 .debug_macro   0x0002be2c       0xe4 ./Core/Src/main.o
 .debug_macro   0x0002bf10      0x5cf ./Core/Src/main.o
 .debug_macro   0x0002c4df       0xed ./Core/Src/main.o
 .debug_macro   0x0002c5cc       0xeb ./Core/Src/main.o
 .debug_macro   0x0002c6b7      0xba9 ./Core/Src/main.o
 .debug_macro   0x0002d260      0x404 ./Core/Src/main.o
 .debug_macro   0x0002d664      0x677 ./Core/Src/main.o
 .debug_macro   0x0002dcdb      0x1a1 ./Core/Src/main.o
 .debug_macro   0x0002de7c      0x37b ./Core/Src/main.o
 .debug_macro   0x0002e1f7       0xd0 ./Core/Src/main.o
 .debug_macro   0x0002e2c7       0x16 ./Core/Src/main.o
 .debug_macro   0x0002e2dd       0x10 ./Core/Src/main.o
 .debug_macro   0x0002e2ed       0x3c ./Core/Src/main.o
 .debug_macro   0x0002e329       0x3c ./Core/Src/main.o
 .debug_macro   0x0002e365       0x1c ./Core/Src/main.o
 .debug_macro   0x0002e381       0x10 ./Core/Src/main.o
 .debug_macro   0x0002e391       0x1c ./Core/Src/main.o
 .debug_macro   0x0002e3ad       0x16 ./Core/Src/main.o
 .debug_macro   0x0002e3c3      0x146 ./Core/Src/main.o
 .debug_macro   0x0002e509       0x22 ./Core/Src/main.o
 .debug_macro   0x0002e52b      0x358 ./Core/Src/stm32u3xx_hal_msp.o
 .debug_macro   0x0002e883      0x3c8 ./Core/Src/stm32u3xx_it.o
 .debug_macro   0x0002ec4b      0x116 ./Core/Src/sysmem.o
 .debug_macro   0x0002ed61      0x23c ./Core/Src/sysmem.o
 .debug_macro   0x0002ef9d      0x349 ./Core/Src/system_stm32u3xx.o
 .debug_macro   0x0002f2e6      0x34f ./Drivers/STM32U3xx_HAL_Driver/Src/stm32u3xx_hal.o
 .debug_macro   0x0002f635      0x34a ./Drivers/STM32U3xx_HAL_Driver/Src/stm32u3xx_hal_cortex.o
 .debug_macro   0x0002f97f      0x349 ./Drivers/STM32U3xx_HAL_Driver/Src/stm32u3xx_hal_crc.o
 .debug_macro   0x0002fcc8      0x349 ./Drivers/STM32U3xx_HAL_Driver/Src/stm32u3xx_hal_crc_ex.o
 .debug_macro   0x00030011      0x3cf ./Drivers/STM32U3xx_HAL_Driver/Src/stm32u3xx_hal_cryp.o
 .debug_macro   0x000303e0      0x350 ./Drivers/STM32U3xx_HAL_Driver/Src/stm32u3xx_hal_gpio.o
 .debug_macro   0x00030730      0x361 ./Drivers/STM32U3xx_HAL_Driver/Src/stm32u3xx_hal_hash.o
 .debug_macro   0x00030a91      0x351 ./Drivers/STM32U3xx_HAL_Driver/Src/stm32u3xx_hal_lptim.o
 .debug_macro   0x00030de2      0x382 ./Drivers/STM32U3xx_HAL_Driver/Src/stm32u3xx_hal_pwr.o
 .debug_macro   0x00031164      0x35e ./Drivers/STM32U3xx_HAL_Driver/Src/stm32u3xx_hal_pwr_ex.o
 .debug_macro   0x000314c2      0x379 ./Drivers/STM32U3xx_HAL_Driver/Src/stm32u3xx_hal_rcc.o
 .debug_macro   0x0003183b      0x34f ./Drivers/STM32U3xx_HAL_Driver/Src/stm32u3xx_hal_rcc_ex.o
 .debug_macro   0x00031b8a      0x34f ./Drivers/STM32U3xx_HAL_Driver/Src/stm32u3xx_hal_rng.o
 .debug_macro   0x00031ed9      0x34a ./Drivers/STM32U3xx_HAL_Driver/Src/stm32u3xx_hal_rtc.o
 .debug_macro   0x00032223      0x351 ./Drivers/STM32U3xx_HAL_Driver/Src/stm32u3xx_hal_rtc_ex.o
 .debug_macro   0x00032574      0x351 ./Drivers/STM32U3xx_HAL_Driver/Src/stm32u3xx_hal_spi.o
 .debug_macro   0x000328c5      0x349 ./Drivers/STM32U3xx_HAL_Driver/Src/stm32u3xx_hal_spi_ex.o
 .debug_macro   0x00032c0e      0x351 ./Drivers/STM32U3xx_HAL_Driver/Src/stm32u3xx_hal_tim.o
 .debug_macro   0x00032f5f      0x34f ./Drivers/STM32U3xx_HAL_Driver/Src/stm32u3xx_hal_tim_ex.o
 .debug_macro   0x000332ae      0x374 ./Drivers/STM32U3xx_HAL_Driver/Src/stm32u3xx_hal_uart.o
 .debug_macro   0x00033622      0x355 ./Drivers/STM32U3xx_HAL_Driver/Src/stm32u3xx_hal_uart_ex.o
 .debug_macro   0x00033977      0x3c5 ./software/src/PAL.o
 .debug_macro   0x00033d3c      0x1d4 ./software/src/keypad.o
 .debug_macro   0x00033f10      0xbb6 ./software/src/keypad.o
 .debug_macro   0x00034ac6       0x1c ./software/src/keypad.o
 .debug_macro   0x00034ae2     0x1685 ./software/src/keypad.o
 .debug_macro   0x00036167       0x34 ./software/src/keypad.o
 .debug_macro   0x0003619b      0x197 ./software/src/keypad.o
 .debug_macro   0x00036332      0x380 ./software/src/keypad.o
 .debug_macro   0x000366b2       0x4a ./software/src/keypad.o
 .debug_macro   0x000366fc       0x16 ./software/src/keypad.o
 .debug_macro   0x00036712       0x3c ./software/src/keypad.o
 .debug_macro   0x0003674e      0x138 ./software/src/keypad.o
 .debug_macro   0x00036886      0x1d4 ./software/src/keys.o

.debug_line     0x00000000    0x26808
 .debug_line    0x00000000      0xf0b ./Core/Src/main.o
 .debug_line    0x00000f0b      0xcfb ./Core/Src/stm32u3xx_hal_msp.o
 .debug_line    0x00001c06      0xb24 ./Core/Src/stm32u3xx_it.o
 .debug_line    0x0000272a      0x495 ./Core/Src/sysmem.o
 .debug_line    0x00002bbf      0x9a1 ./Core/Src/system_stm32u3xx.o
 .debug_line    0x00003560       0x7c ./Core/Startup/startup_stm32u385vgix.o
 .debug_line    0x000035dc      0xf37 ./Drivers/STM32U3xx_HAL_Driver/Src/stm32u3xx_hal.o
 .debug_line    0x00004513      0xf81 ./Drivers/STM32U3xx_HAL_Driver/Src/stm32u3xx_hal_cortex.o
 .debug_line    0x00005494      0xbfd ./Drivers/STM32U3xx_HAL_Driver/Src/stm32u3xx_hal_crc.o
 .debug_line    0x00006091      0x9f9 ./Drivers/STM32U3xx_HAL_Driver/Src/stm32u3xx_hal_crc_ex.o
 .debug_line    0x00006a8a     0x3c8d ./Drivers/STM32U3xx_HAL_Driver/Src/stm32u3xx_hal_cryp.o
 .debug_line    0x0000a717      0xe1b ./Drivers/STM32U3xx_HAL_Driver/Src/stm32u3xx_hal_gpio.o
 .debug_line    0x0000b532     0x23eb ./Drivers/STM32U3xx_HAL_Driver/Src/stm32u3xx_hal_hash.o
 .debug_line    0x0000d91d     0x1e84 ./Drivers/STM32U3xx_HAL_Driver/Src/stm32u3xx_hal_lptim.o
 .debug_line    0x0000f7a1     0x108d ./Drivers/STM32U3xx_HAL_Driver/Src/stm32u3xx_hal_pwr.o
 .debug_line    0x0001082e      0xe06 ./Drivers/STM32U3xx_HAL_Driver/Src/stm32u3xx_hal_pwr_ex.o
 .debug_line    0x00011634     0x12d6 ./Drivers/STM32U3xx_HAL_Driver/Src/stm32u3xx_hal_rcc.o
 .debug_line    0x0001290a     0x158c ./Drivers/STM32U3xx_HAL_Driver/Src/stm32u3xx_hal_rcc_ex.o
 .debug_line    0x00013e96      0xc9d ./Drivers/STM32U3xx_HAL_Driver/Src/stm32u3xx_hal_rng.o
 .debug_line    0x00014b33     0x1224 ./Drivers/STM32U3xx_HAL_Driver/Src/stm32u3xx_hal_rtc.o
 .debug_line    0x00015d57     0x1688 ./Drivers/STM32U3xx_HAL_Driver/Src/stm32u3xx_hal_rtc_ex.o
 .debug_line    0x000173df     0x2599 ./Drivers/STM32U3xx_HAL_Driver/Src/stm32u3xx_hal_spi.o
 .debug_line    0x00019978      0xb0c ./Drivers/STM32U3xx_HAL_Driver/Src/stm32u3xx_hal_spi_ex.o
 .debug_line    0x0001a484     0x41a0 ./Drivers/STM32U3xx_HAL_Driver/Src/stm32u3xx_hal_tim.o
 .debug_line    0x0001e624     0x2111 ./Drivers/STM32U3xx_HAL_Driver/Src/stm32u3xx_hal_tim_ex.o
 .debug_line    0x00020735     0x376c ./Drivers/STM32U3xx_HAL_Driver/Src/stm32u3xx_hal_uart.o
 .debug_line    0x00023ea1      0xf66 ./Drivers/STM32U3xx_HAL_Driver/Src/stm32u3xx_hal_uart_ex.o
 .debug_line    0x00024e07      0xa73 ./software/src/PAL.o
 .debug_line    0x0002587a      0x6ec ./software/src/keypad.o
 .debug_line    0x00025f66      0x8a2 ./software/src/keys.o

.debug_str      0x00000000   0x1437d4
 .debug_str     0x00000000   0x1437d4 ./Core/Src/main.o
                             0x13c119 (size before relaxing)
 .debug_str     0x001437d4   0x13b432 ./Core/Src/stm32u3xx_hal_msp.o
 .debug_str     0x001437d4   0x13a1db ./Core/Src/stm32u3xx_it.o
 .debug_str     0x001437d4     0x772e ./Core/Src/sysmem.o
 .debug_str     0x001437d4   0x138fdf ./Core/Src/system_stm32u3xx.o
 .debug_str     0x001437d4       0x84 ./Core/Startup/startup_stm32u385vgix.o
 .debug_str     0x001437d4   0x139cfc ./Drivers/STM32U3xx_HAL_Driver/Src/stm32u3xx_hal.o
 .debug_str     0x001437d4   0x139af1 ./Drivers/STM32U3xx_HAL_Driver/Src/stm32u3xx_hal_cortex.o
 .debug_str     0x001437d4   0x13914a ./Drivers/STM32U3xx_HAL_Driver/Src/stm32u3xx_hal_crc.o
 .debug_str     0x001437d4   0x1390f0 ./Drivers/STM32U3xx_HAL_Driver/Src/stm32u3xx_hal_crc_ex.o
 .debug_str     0x001437d4   0x139f31 ./Drivers/STM32U3xx_HAL_Driver/Src/stm32u3xx_hal_cryp.o
 .debug_str     0x001437d4   0x13918c ./Drivers/STM32U3xx_HAL_Driver/Src/stm32u3xx_hal_gpio.o
 .debug_str     0x001437d4   0x139866 ./Drivers/STM32U3xx_HAL_Driver/Src/stm32u3xx_hal_hash.o
 .debug_str     0x001437d4   0x139d5f ./Drivers/STM32U3xx_HAL_Driver/Src/stm32u3xx_hal_lptim.o
 .debug_str     0x001437d4   0x13978a ./Drivers/STM32U3xx_HAL_Driver/Src/stm32u3xx_hal_pwr.o
 .debug_str     0x001437d4   0x1395c2 ./Drivers/STM32U3xx_HAL_Driver/Src/stm32u3xx_hal_pwr_ex.o
 .debug_str     0x001437d4   0x1396af ./Drivers/STM32U3xx_HAL_Driver/Src/stm32u3xx_hal_rcc.o
 .debug_str     0x001437d4   0x1397c8 ./Drivers/STM32U3xx_HAL_Driver/Src/stm32u3xx_hal_rcc_ex.o
 .debug_str     0x001437d4   0x13917f ./Drivers/STM32U3xx_HAL_Driver/Src/stm32u3xx_hal_rng.o
 .debug_str     0x001437d4   0x13956a ./Drivers/STM32U3xx_HAL_Driver/Src/stm32u3xx_hal_rtc.o
 .debug_str     0x001437d4   0x139dd7 ./Drivers/STM32U3xx_HAL_Driver/Src/stm32u3xx_hal_rtc_ex.o
 .debug_str     0x001437d4   0x139b49 ./Drivers/STM32U3xx_HAL_Driver/Src/stm32u3xx_hal_spi.o
 .debug_str     0x001437d4   0x1396b9 ./Drivers/STM32U3xx_HAL_Driver/Src/stm32u3xx_hal_spi_ex.o
 .debug_str     0x001437d4   0x13a69f ./Drivers/STM32U3xx_HAL_Driver/Src/stm32u3xx_hal_tim.o
 .debug_str     0x001437d4   0x13a311 ./Drivers/STM32U3xx_HAL_Driver/Src/stm32u3xx_hal_tim_ex.o
 .debug_str     0x001437d4   0x139f1c ./Drivers/STM32U3xx_HAL_Driver/Src/stm32u3xx_hal_uart.o
 .debug_str     0x001437d4   0x1399ce ./Drivers/STM32U3xx_HAL_Driver/Src/stm32u3xx_hal_uart_ex.o
 .debug_str     0x001437d4   0x13a02b ./software/src/PAL.o
 .debug_str     0x001437d4    0xc3073 ./software/src/keypad.o
 .debug_str     0x001437d4    0xc2f0f ./software/src/keys.o

.comment        0x00000000       0x43
 .comment       0x00000000       0x43 ./Core/Src/main.o
                                 0x44 (size before relaxing)
 .comment       0x00000043       0x44 ./Core/Src/stm32u3xx_hal_msp.o
 .comment       0x00000043       0x44 ./Core/Src/stm32u3xx_it.o
 .comment       0x00000043       0x44 ./Core/Src/sysmem.o
 .comment       0x00000043       0x44 ./Core/Src/system_stm32u3xx.o
 .comment       0x00000043       0x44 ./Drivers/STM32U3xx_HAL_Driver/Src/stm32u3xx_hal.o
 .comment       0x00000043       0x44 ./Drivers/STM32U3xx_HAL_Driver/Src/stm32u3xx_hal_cortex.o
 .comment       0x00000043       0x44 ./Drivers/STM32U3xx_HAL_Driver/Src/stm32u3xx_hal_crc.o
 .comment       0x00000043       0x44 ./Drivers/STM32U3xx_HAL_Driver/Src/stm32u3xx_hal_crc_ex.o
 .comment       0x00000043       0x44 ./Drivers/STM32U3xx_HAL_Driver/Src/stm32u3xx_hal_cryp.o
 .comment       0x00000043       0x44 ./Drivers/STM32U3xx_HAL_Driver/Src/stm32u3xx_hal_gpio.o
 .comment       0x00000043       0x44 ./Drivers/STM32U3xx_HAL_Driver/Src/stm32u3xx_hal_hash.o
 .comment       0x00000043       0x44 ./Drivers/STM32U3xx_HAL_Driver/Src/stm32u3xx_hal_lptim.o
 .comment       0x00000043       0x44 ./Drivers/STM32U3xx_HAL_Driver/Src/stm32u3xx_hal_pwr.o
 .comment       0x00000043       0x44 ./Drivers/STM32U3xx_HAL_Driver/Src/stm32u3xx_hal_pwr_ex.o
 .comment       0x00000043       0x44 ./Drivers/STM32U3xx_HAL_Driver/Src/stm32u3xx_hal_rcc.o
 .comment       0x00000043       0x44 ./Drivers/STM32U3xx_HAL_Driver/Src/stm32u3xx_hal_rcc_ex.o
 .comment       0x00000043       0x44 ./Drivers/STM32U3xx_HAL_Driver/Src/stm32u3xx_hal_rng.o
 .comment       0x00000043       0x44 ./Drivers/STM32U3xx_HAL_Driver/Src/stm32u3xx_hal_rtc.o
 .comment       0x00000043       0x44 ./Drivers/STM32U3xx_HAL_Driver/Src/stm32u3xx_hal_rtc_ex.o
 .comment       0x00000043       0x44 ./Drivers/STM32U3xx_HAL_Driver/Src/stm32u3xx_hal_spi.o
 .comment       0x00000043       0x44 ./Drivers/STM32U3xx_HAL_Driver/Src/stm32u3xx_hal_spi_ex.o
 .comment       0x00000043       0x44 ./Drivers/STM32U3xx_HAL_Driver/Src/stm32u3xx_hal_tim.o
 .comment       0x00000043       0x44 ./Drivers/STM32U3xx_HAL_Driver/Src/stm32u3xx_hal_tim_ex.o
 .comment       0x00000043       0x44 ./Drivers/STM32U3xx_HAL_Driver/Src/stm32u3xx_hal_uart.o
 .comment       0x00000043       0x44 ./Drivers/STM32U3xx_HAL_Driver/Src/stm32u3xx_hal_uart_ex.o
 .comment       0x00000043       0x44 ./software/src/PAL.o
 .comment       0x00000043       0x44 ./software/src/keypad.o
 .comment       0x00000043       0x44 ./software/src/keys.o

.debug_frame    0x00000000     0x853c
 .debug_frame   0x00000000      0x234 ./Core/Src/main.o
 .debug_frame   0x00000234      0x314 ./Core/Src/stm32u3xx_hal_msp.o
 .debug_frame   0x00000548      0x14c ./Core/Src/stm32u3xx_it.o
 .debug_frame   0x00000694       0x34 ./Core/Src/sysmem.o
 .debug_frame   0x000006c8       0x50 ./Core/Src/system_stm32u3xx.o
 .debug_frame   0x00000718      0x530 ./Drivers/STM32U3xx_HAL_Driver/Src/stm32u3xx_hal.o
 .debug_frame   0x00000c48      0x524 ./Drivers/STM32U3xx_HAL_Driver/Src/stm32u3xx_hal_cortex.o
 .debug_frame   0x0000116c      0x154 ./Drivers/STM32U3xx_HAL_Driver/Src/stm32u3xx_hal_crc.o
 .debug_frame   0x000012c0       0x7c ./Drivers/STM32U3xx_HAL_Driver/Src/stm32u3xx_hal_crc_ex.o