../Drivers/STM32U3xx_HAL_Driver/Inc/stm32u3xx_ll_rng.h:218:22:LL_RNG_Enable	16	static
../Drivers/STM32U3xx_HAL_Driver/Inc/stm32u3xx_ll_rng.h:229:22:LL_RNG_Disable	16	static
../Drivers/STM32U3xx_HAL_Driver/Inc/stm32u3xx_ll_rng.h:286:22:LL_RNG_EnableCondReset	16	static
../Drivers/STM32U3xx_HAL_Driver/Inc/stm32u3xx_ll_rng.h:297:22:LL_RNG_DisableCondReset	16	static
../Drivers/STM32U3xx_HAL_Driver/Inc/stm32u3xx_ll_rng.h:330:26:LL_RNG_IsConfigLocked	16	static
../Drivers/STM32U3xx_HAL_Driver/Inc/stm32u3xx_ll_rng.h:511:26:LL_RNG_IsActiveFlag_DRDY	16	static
../Drivers/STM32U3xx_HAL_Driver/Inc/stm32u3xx_ll_rng.h:533:26:LL_RNG_IsActiveFlag_SECS	16	static
../Drivers/STM32U3xx_HAL_Driver/Inc/stm32u3xx_ll_rng.h:577:22:LL_RNG_ClearFlag_SEIS	16	static
../Drivers/STM32U3xx_HAL_Driver/Inc/stm32u3xx_ll_rng.h:730:22:LL_RNG_SetAdditionalHealthTest	24	static
../Drivers/STM32U3xx_HAL_Driver/Inc/stm32u3xx_ll_rng.h:794:26:LL_RNG_GetHealthTestStatus	16	static
../Drivers/STM32U3xx_HAL_Driver/Inc/stm32u3xx_ll_rng.h:813:22:LL_RNG_SetNoiseSourceMask	16	static
../Drivers/STM32U3xx_HAL_Driver/Inc/stm32u3xx_ll_rng.h:824:26:LL_RNG_GetNoiseSourceMask	16	static
../Drivers/STM32U3xx_HAL_Driver/Inc/stm32u3xx_ll_rng.h:870:26:LL_RNG_GetOscNoiseSrc	32	static,ignoring_inline_asm
../Drivers/STM32U3xx_HAL_Driver/Src/stm32u3xx_hal_rng_ex.c:86:19:HAL_RNGEx_SetConfig	32	static
../Drivers/STM32U3xx_HAL_Driver/Src/stm32u3xx_hal_rng_ex.c:190:19:HAL_RNGEx_GetConfig	24	static
../Drivers/STM32U3xx_HAL_Driver/Src/stm32u3xx_hal_rng_ex.c:241:19:HAL_RNGEx_LockConfig	24	static
../Drivers/STM32U3xx_HAL_Driver/Src/stm32u3xx_hal_rng_ex.c:301:19:HAL_RNGEx_RecoverSeedError	24	static
../Drivers/STM32U3xx_HAL_Driver/Src/stm32u3xx_hal_rng_ex.c:348:21:HAL_RNGEx_SetHealthFactorConfig	32	static
../Drivers/STM32U3xx_HAL_Driver/Src/stm32u3xx_hal_rng_ex.c:426:19:RNG_ResilientRecoverSeedError	72	static
