../Drivers/STM32U3xx_HAL_Driver/Src/stm32u3xx_hal_rtc.c:249:19:HAL_RTC_Init	24	static
../Drivers/STM32U3xx_HAL_Driver/Src/stm32u3xx_hal_rtc.c:408:19:HAL_RTC_DeInit	24	static
../Drivers/STM32U3xx_HAL_Driver/Src/stm32u3xx_hal_rtc.c:876:13:HAL_RTC_MspInit	16	static
../Drivers/STM32U3xx_HAL_Driver/Src/stm32u3xx_hal_rtc.c:891:13:HAL_RTC_MspDeInit	16	static
../Drivers/STM32U3xx_HAL_Driver/Src/stm32u3xx_hal_rtc.c:934:19:HAL_RTC_SetTime	40	static
../Drivers/STM32U3xx_HAL_Driver/Src/stm32u3xx_hal_rtc.c:1055:19:HAL_RTC_GetTime	32	static
../Drivers/STM32U3xx_HAL_Driver/Src/stm32u3xx_hal_rtc.c:1105:19:HAL_RTC_SetDate	40	static
../Drivers/STM32U3xx_HAL_Driver/Src/stm32u3xx_hal_rtc.c:1191:19:HAL_RTC_GetDate	32	static
../Drivers/STM32U3xx_HAL_Driver/Src/stm32u3xx_hal_rtc.c:1227:6:HAL_RTC_DST_Add1Hour	16	static
../Drivers/STM32U3xx_HAL_Driver/Src/stm32u3xx_hal_rtc.c:1248:6:HAL_RTC_DST_Sub1Hour	16	static
../Drivers/STM32U3xx_HAL_Driver/Src/stm32u3xx_hal_rtc.c:1269:6:HAL_RTC_DST_SetStoreOperation	16	static
../Drivers/STM32U3xx_HAL_Driver/Src/stm32u3xx_hal_rtc.c:1283:6:HAL_RTC_DST_ClearStoreOperation	16	static
../Drivers/STM32U3xx_HAL_Driver/Src/stm32u3xx_hal_rtc.c:1297:10:HAL_RTC_DST_ReadStoreOperation	16	static
../Drivers/STM32U3xx_HAL_Driver/Src/stm32u3xx_hal_rtc.c:1339:19:HAL_RTC_SetAlarm	40	static
../Drivers/STM32U3xx_HAL_Driver/Src/stm32u3xx_hal_rtc.c:1551:19:HAL_RTC_SetAlarm_IT	40	static
../Drivers/STM32U3xx_HAL_Driver/Src/stm32u3xx_hal_rtc.c:1755:19:HAL_RTC_DeactivateAlarm	16	static
../Drivers/STM32U3xx_HAL_Driver/Src/stm32u3xx_hal_rtc.c:1805:19:HAL_RTC_GetAlarm	32	static
../Drivers/STM32U3xx_HAL_Driver/Src/stm32u3xx_hal_rtc.c:1915:6:HAL_RTC_AlarmIRQHandler	24	static
../Drivers/STM32U3xx_HAL_Driver/Src/stm32u3xx_hal_rtc.c:1956:13:HAL_RTC_AlarmAEventCallback	16	static
../Drivers/STM32U3xx_HAL_Driver/Src/stm32u3xx_hal_rtc.c:1972:19:HAL_RTC_PollForAlarmAEvent	24	static
../Drivers/STM32U3xx_HAL_Driver/Src/stm32u3xx_hal_rtc.c:2037:19:HAL_RTC_WaitForSynchro	24	static
../Drivers/STM32U3xx_HAL_Driver/Src/stm32u3xx_hal_rtc.c:2091:21:HAL_RTC_GetState	16	static
../Drivers/STM32U3xx_HAL_Driver/Src/stm32u3xx_hal_rtc.c:2114:19:RTC_EnterInitMode	24	static
../Drivers/STM32U3xx_HAL_Driver/Src/stm32u3xx_hal_rtc.c:2155:19:RTC_ExitInitMode	24	static
../Drivers/STM32U3xx_HAL_Driver/Src/stm32u3xx_hal_rtc.c:2193:9:RTC_ByteToBcd2	24	static
../Drivers/STM32U3xx_HAL_Driver/Src/stm32u3xx_hal_rtc.c:2212:9:RTC_Bcd2ToByte	24	static
