../Core/Src/main.c:95:5:main	1
../Core/Src/main.c:153:6:SystemClock_Config	6
../Core/Src/main.c:219:13:MX_AES_Init	2
../Core/Src/main.c:253:13:MX_CRC_Init	2
../Core/Src/main.c:284:13:MX_HASH_Init	2
../Core/Src/main.c:312:13:MX_ICACHE_Init	2
../Core/Src/main.c:340:13:MX_LPTIM2_Init	4
../Core/Src/main.c:391:13:MX_RTC_Init	3
../Core/Src/main.c:439:13:MX_SDMMC1_MMC_Init	2
../Core/Src/main.c:470:13:MX_SPI1_Init	3
../Core/Src/main.c:527:13:MX_SPI2_Init	3
../Core/Src/main.c:584:13:MX_USART3_UART_Init	5
../Core/Src/main.c:632:6:MX_USB_PCD_Init	2
../Core/Src/main.c:668:13:MX_GPIO_Init	1
../Core/Src/main.c:780:6:Error_Handler	1
