../Core/Src/main.c:98:5:main	8	static
../Core/Src/main.c:153:6:SystemClock_Config	88	static
../Core/Src/main.c:221:13:MX_AES_Init	8	static
../Core/Src/main.c:255:13:MX_CRC_Init	8	static
../Core/Src/main.c:286:13:MX_HASH_Init	8	static
../Core/Src/main.c:314:13:MX_LPTIM2_Init	24	static
../Core/Src/main.c:365:13:MX_RNG_Init	8	static
../Core/Src/main.c:392:13:MX_RTC_Init	64	static
../Core/Src/main.c:467:13:MX_SDMMC1_MMC_Init	4	static
../Core/Src/main.c:498:13:MX_SPI1_Init	24	static
../Core/Src/main.c:555:13:MX_SPI2_Init	24	static
../Core/Src/main.c:612:13:MX_USART3_UART_Init	8	static
../Core/Src/main.c:660:6:MX_USB_PCD_Init	8	static
../Core/Src/main.c:696:13:MX_GPIO_Init	48	static
../Core/Src/main.c:808:6:Error_Handler	4	static,ignoring_inline_asm
