../Core/Src/main.c:91:6:HAL_GPIO_EXTI_Rising_Callback	1
../Core/Src/main.c:94:6:HAL_GPIO_EXTI_Faling_Callback	1
../Core/Src/main.c:103:5:main	1
../Core/Src/main.c:172:6:SystemClock_Config	6
../Core/Src/main.c:240:13:MX_AES_Init	2
../Core/Src/main.c:274:13:MX_CRC_Init	2
../Core/Src/main.c:305:13:MX_HASH_Init	2
../Core/Src/main.c:333:13:MX_LPTIM2_Init	4
../Core/Src/main.c:384:13:MX_RNG_Init	2
../Core/Src/main.c:411:13:MX_RTC_Init	5
../Core/Src/main.c:486:13:MX_SDMMC1_MMC_Init	1
../Core/Src/main.c:517:13:MX_SPI1_Init	3
../Core/Src/main.c:574:13:MX_SPI2_Init	3
../Core/Src/main.c:631:13:MX_TIM1_Init	4
../Core/Src/main.c:678:13:MX_USART3_UART_Init	5
../Core/Src/main.c:726:13:MX_GPIO_Init	1
../Core/Src/main.c:842:6:Error_Handler	1
