../Core/Src/stm32u3xx_it.c:74:6:hard_fault_handler_c	80	static,ignoring_inline_asm
../Core/Src/stm32u3xx_it.c:111:6:NMI_Handler	4	static
../Core/Src/stm32u3xx_it.c:126:6:HardFault_Handler	4	static,ignoring_inline_asm
../Core/Src/stm32u3xx_it.c:148:6:MemManage_Handler	4	static
../Core/Src/stm32u3xx_it.c:163:6:BusFault_Handler	4	static
../Core/Src/stm32u3xx_it.c:178:6:UsageFault_Handler	4	static
../Core/Src/stm32u3xx_it.c:193:6:SVC_Handler	4	static
../Core/Src/stm32u3xx_it.c:206:6:DebugMon_Handler	4	static
../Core/Src/stm32u3xx_it.c:219:6:PendSV_Handler	4	static
../Core/Src/stm32u3xx_it.c:232:6:SysTick_Handler	8	static
../Core/Src/stm32u3xx_it.c:253:6:EXTI0_IRQHandler	8	static
../Core/Src/stm32u3xx_it.c:266:6:TIM1_UP_IRQHandler	8	static
